Archive member included to satisfy reference by file (symbol)

/opt/gcc-arm-none-eabi-9-2020-q2-update/bin/../lib/gcc/arm-none-eabi/9.3.1/../../../../arm-none-eabi/lib/thumb/v7e-m/nofp/libc_nano.a(lib_a-errno.o)
                              syscalls.o (__errno)
/opt/gcc-arm-none-eabi-9-2020-q2-update/bin/../lib/gcc/arm-none-eabi/9.3.1/../../../../arm-none-eabi/lib/thumb/v7e-m/nofp/libc_nano.a(lib_a-exit.o)
                              /opt/gcc-arm-none-eabi-9-2020-q2-update/bin/../lib/gcc/arm-none-eabi/9.3.1/../../../../arm-none-eabi/lib/thumb/v7e-m/nofp/crt0.o (exit)
/opt/gcc-arm-none-eabi-9-2020-q2-update/bin/../lib/gcc/arm-none-eabi/9.3.1/../../../../arm-none-eabi/lib/thumb/v7e-m/nofp/libc_nano.a(lib_a-impure.o)
                              /opt/gcc-arm-none-eabi-9-2020-q2-update/bin/../lib/gcc/arm-none-eabi/9.3.1/../../../../arm-none-eabi/lib/thumb/v7e-m/nofp/libc_nano.a(lib_a-exit.o) (_global_impure_ptr)
/opt/gcc-arm-none-eabi-9-2020-q2-update/bin/../lib/gcc/arm-none-eabi/9.3.1/../../../../arm-none-eabi/lib/thumb/v7e-m/nofp/libc_nano.a(lib_a-init.o)
                              /opt/gcc-arm-none-eabi-9-2020-q2-update/bin/../lib/gcc/arm-none-eabi/9.3.1/../../../../arm-none-eabi/lib/thumb/v7e-m/nofp/crt0.o (__libc_init_array)
/opt/gcc-arm-none-eabi-9-2020-q2-update/bin/../lib/gcc/arm-none-eabi/9.3.1/../../../../arm-none-eabi/lib/thumb/v7e-m/nofp/libc_nano.a(lib_a-memset.o)
                              /opt/gcc-arm-none-eabi-9-2020-q2-update/bin/../lib/gcc/arm-none-eabi/9.3.1/../../../../arm-none-eabi/lib/thumb/v7e-m/nofp/crt0.o (memset)

Allocating common symbols
Common symbol       size              file

handler             0xc               main.o

Memory Configuration

Name             Origin             Length             Attributes
FLASH            0x0000000008000000 0x0000000000100000 xr
SRAM             0x0000000020000000 0x0000000000020000 xrw
*default*        0x0000000000000000 0xffffffffffffffff

Linker script and memory map

LOAD /opt/gcc-arm-none-eabi-9-2020-q2-update/bin/../lib/gcc/arm-none-eabi/9.3.1/thumb/v7e-m/nofp/crti.o
LOAD /opt/gcc-arm-none-eabi-9-2020-q2-update/bin/../lib/gcc/arm-none-eabi/9.3.1/thumb/v7e-m/nofp/crtbegin.o
LOAD /opt/gcc-arm-none-eabi-9-2020-q2-update/bin/../lib/gcc/arm-none-eabi/9.3.1/../../../../arm-none-eabi/lib/thumb/v7e-m/nofp/crt0.o
LOAD syscalls.o
LOAD gpio_driver.o
LOAD stm32f4_startup.o
LOAD main.o
LOAD HC_SR04.o
LOAD timer_driver.o
START GROUP
LOAD /opt/gcc-arm-none-eabi-9-2020-q2-update/bin/../lib/gcc/arm-none-eabi/9.3.1/thumb/v7e-m/nofp/libgcc.a
LOAD /opt/gcc-arm-none-eabi-9-2020-q2-update/bin/../lib/gcc/arm-none-eabi/9.3.1/../../../../arm-none-eabi/lib/thumb/v7e-m/nofp/libc_nano.a
END GROUP
START GROUP
LOAD /opt/gcc-arm-none-eabi-9-2020-q2-update/bin/../lib/gcc/arm-none-eabi/9.3.1/thumb/v7e-m/nofp/libgcc.a
LOAD /opt/gcc-arm-none-eabi-9-2020-q2-update/bin/../lib/gcc/arm-none-eabi/9.3.1/../../../../arm-none-eabi/lib/thumb/v7e-m/nofp/libc_nano.a
END GROUP
LOAD /opt/gcc-arm-none-eabi-9-2020-q2-update/bin/../lib/gcc/arm-none-eabi/9.3.1/thumb/v7e-m/nofp/crtend.o
LOAD /opt/gcc-arm-none-eabi-9-2020-q2-update/bin/../lib/gcc/arm-none-eabi/9.3.1/thumb/v7e-m/nofp/crtn.o

.text           0x0000000008000000      0xb04
 *(.isr_vector)
 .isr_vector    0x0000000008000000      0x188 stm32f4_startup.o
                0x0000000008000000                vectors
 *(.text)
 .text          0x0000000008000188        0x0 /opt/gcc-arm-none-eabi-9-2020-q2-update/bin/../lib/gcc/arm-none-eabi/9.3.1/thumb/v7e-m/nofp/crti.o
 .text          0x0000000008000188       0x40 /opt/gcc-arm-none-eabi-9-2020-q2-update/bin/../lib/gcc/arm-none-eabi/9.3.1/thumb/v7e-m/nofp/crtbegin.o
 .text          0x00000000080001c8       0x7c /opt/gcc-arm-none-eabi-9-2020-q2-update/bin/../lib/gcc/arm-none-eabi/9.3.1/../../../../arm-none-eabi/lib/thumb/v7e-m/nofp/crt0.o
                0x00000000080001c8                _stack_init
                0x00000000080001d0                _mainCRTStartup
                0x00000000080001d0                _start
 .text          0x0000000008000244      0x25c syscalls.o
                0x0000000008000244                initialise_monitor_handles
                0x0000000008000250                _getpid
                0x000000000800025e                _kill
                0x000000000800027e                _exit
                0x0000000008000292                _read
                0x00000000080002cc                _write
                0x0000000008000304                _close
                0x000000000800031a                _fstat
                0x0000000008000338                _isatty
                0x000000000800034c                _lseek
                0x0000000008000364                _open
                0x000000000800037e                _wait
                0x000000000800039c                _unlink
                0x00000000080003ba                _times
                0x00000000080003d0                _stat
                0x00000000080003ee                _link
                0x000000000800040e                _fork
                0x0000000008000424                _execve
                0x0000000008000446                _sbrk
 .text          0x00000000080004a0      0x27c gpio_driver.o
                0x00000000080004a0                Gpio_init
                0x0000000008000592                Gpio_reset
                0x00000000080005f4                GPIO_PeriCLKcontrol
                0x0000000008000674                GPIO_readInputFromPin
                0x000000000800069e                GPIO_readInputFromPort
                0x00000000080006b6                GPIO_writeOutputInPin
                0x00000000080006fe                GPIO_writeOutputInPort
 .text          0x000000000800071c       0x90 stm32f4_startup.o
                0x000000000800071c                RTC_WKUP_Handler
                0x000000000800071c                FLASH_Handler
                0x000000000800071c                SVCall_Handler
                0x000000000800071c                DMA2_Stream7_Handler
                0x000000000800071c                OTG_HS_Handler
                0x000000000800071c                DMA2_Stream3_Handler
                0x000000000800071c                SysTick_Handler
                0x000000000800071c                USART3_Handler
                0x000000000800071c                PendSV_Handler
                0x000000000800071c                NMI_Handler
                0x000000000800071c                TIM6_DAC_Handler
                0x000000000800071c                CAN1_RX1_Handler
                0x000000000800071c                EXTI15_10_Handler
                0x000000000800071c                ADC_Handler
                0x000000000800071c                HASH_RNG_Handler
                0x000000000800071c                I2C1_EV_Handler
                0x000000000800071c                TAMP_STAMP_Handler
                0x000000000800071c                I2C3_ER_Handler
                0x000000000800071c                WWDG_Handler
                0x000000000800071c                EXTI4_Handler
                0x000000000800071c                I2C3_EV_Handler
                0x000000000800071c                DMA1_Stream1_Handler
                0x000000000800071c                DMA2_Stream4_Handler
                0x000000000800071c                DMA1_Stream7_Handler
                0x000000000800071c                OTG_FS_Handler
                0x000000000800071c                ETH_WKUP_Handler
                0x000000000800071c                TIM1_BRK_TIM9_Handler
                0x000000000800071c                I2C1_ER_Handler
                0x000000000800071c                DMA1_Stream3_Handler
                0x000000000800071c                UsageFault_Handler
                0x000000000800071c                TIM1_UP_TIM10_Handler
                0x000000000800071c                CAN1_RX0_Handler
                0x000000000800071c                TIM1_CC_Handler
                0x000000000800071c                I2C2_ER_Handler
                0x000000000800071c                USART6_Handler
                0x000000000800071c                TIM8_CC_Handler
                0x000000000800071c                CAN1_SCE_Handler
                0x000000000800071c                DMA1_Stream0_Handler
                0x000000000800071c                OTG_HS_EP1_OUT_Handler
                0x000000000800071c                FSMC_Handler
                0x000000000800071c                EXTI1_Handler
                0x000000000800071c                EXTI3_Handler
                0x000000000800071c                CRYP_Handler
                0x000000000800071c                EXTI2_Handler
                0x000000000800071c                UART4_Handler
                0x000000000800071c                CAN2_RX1_Handler
                0x000000000800071c                EXTI9_5_Handler
                0x000000000800071c                TIM2_Handler
                0x000000000800071c                USART1_Handler
                0x000000000800071c                CAN2_SCE_Handler
                0x000000000800071c                TIM3_Handler
                0x000000000800071c                DMA2_Stream6_Handler
                0x000000000800071c                Default_Handler
                0x000000000800071c                DCMI_Handler
                0x000000000800071c                TIM1_TRG_COM_TIM11_Handler
                0x000000000800071c                RTC_Alarm_Handler
                0x000000000800071c                TIM4_Handler
                0x000000000800071c                TIM8_UP_TIM13_Handler
                0x000000000800071c                CAN2_TX_Handler
                0x000000000800071c                SPI2_Handler
                0x000000000800071c                DMA2_Stream1_Handler
                0x000000000800071c                DMA1_Stream2_Handler
                0x000000000800071c                EXTI0_Handler
                0x000000000800071c                TIM8_BRK_TIM12_Handler
                0x000000000800071c                CAN2_RX0_Handler
                0x000000000800071c                DMA2_Stream5_Handler
                0x000000000800071c                DMA1_Stream6_Handler
                0x000000000800071c                SDIO_Handler
                0x000000000800071c                USART2_Handler
                0x000000000800071c                ETH_Handler
                0x000000000800071c                SPI1_Handler
                0x000000000800071c                I2C2_EV_Handler
                0x000000000800071c                DMA2_Stream2_Handler
                0x000000000800071c                Debug_Monitor_Handler
                0x000000000800071c                SPI3_Handler
                0x000000000800071c                DMA2_Stream0_Handler
                0x000000000800071c                RCC_Handler
                0x000000000800071c                PVD_Handler
                0x000000000800071c                UART5_Handler
                0x000000000800071c                DMA1_Stream5_Handler
                0x000000000800071c                TIM5_Handler
                0x000000000800071c                TIM7_Handler
                0x000000000800071c                TIM8_TRG_COM_TIM14_Handler
                0x000000000800071c                CAN1_TX_Handler
                0x000000000800071c                FPU_Handler
                0x000000000800071c                DMA1_Stream4_Handler
                0x000000000800071c                OTG_HS_WKUP_Handler
                0x000000000800071c                OTG_FS_WKUP_Handler
                0x000000000800071c                OTG_HS_EP1_IN_Handler
                0x0000000008000722                Reset_Handler
 .text          0x00000000080007ac      0x148 main.o
                0x00000000080007ac                main
                0x00000000080007fc                gpio_testing
                0x0000000008000840                gpio_pin_toggle
                0x000000000800087c                gpio_delay
                0x00000000080008a4                enable_processor_faults
                0x00000000080008e0                HardFault_Handler
                0x00000000080008e6                MemManage_Handler
                0x00000000080008ec                BusFault_Handler
 .text          0x00000000080008f4       0x40 HC_SR04.o
                0x00000000080008f4                hc_sr04_send_echo
                0x0000000008000906                hc_sr04_get_time_lapse
                0x0000000008000914                hc_sr04_get_distance_in_cm
                0x0000000008000924                hc_sr04_get_distance_in_inch
 .text          0x0000000008000934      0x128 timer_driver.o
                0x0000000008000934                Timer_init
                0x000000000800098e                Timer_enable
                0x00000000080009ac                Timer_disable
                0x00000000080009ca                wait_till_Timer_event
                0x00000000080009da                Timer_reset
                0x0000000008000a10                Timer_PeriCLK
 .text          0x0000000008000a5c        0x0 /opt/gcc-arm-none-eabi-9-2020-q2-update/bin/../lib/gcc/arm-none-eabi/9.3.1/../../../../arm-none-eabi/lib/thumb/v7e-m/nofp/libc_nano.a(lib_a-errno.o)
 .text          0x0000000008000a5c        0x0 /opt/gcc-arm-none-eabi-9-2020-q2-update/bin/../lib/gcc/arm-none-eabi/9.3.1/../../../../arm-none-eabi/lib/thumb/v7e-m/nofp/libc_nano.a(lib_a-exit.o)
 .text          0x0000000008000a5c        0x0 /opt/gcc-arm-none-eabi-9-2020-q2-update/bin/../lib/gcc/arm-none-eabi/9.3.1/../../../../arm-none-eabi/lib/thumb/v7e-m/nofp/libc_nano.a(lib_a-impure.o)
 .text          0x0000000008000a5c        0x0 /opt/gcc-arm-none-eabi-9-2020-q2-update/bin/../lib/gcc/arm-none-eabi/9.3.1/../../../../arm-none-eabi/lib/thumb/v7e-m/nofp/libc_nano.a(lib_a-init.o)
 .text          0x0000000008000a5c        0x0 /opt/gcc-arm-none-eabi-9-2020-q2-update/bin/../lib/gcc/arm-none-eabi/9.3.1/../../../../arm-none-eabi/lib/thumb/v7e-m/nofp/libc_nano.a(lib_a-memset.o)
 .text          0x0000000008000a5c        0x0 /opt/gcc-arm-none-eabi-9-2020-q2-update/bin/../lib/gcc/arm-none-eabi/9.3.1/thumb/v7e-m/nofp/crtend.o
 .text          0x0000000008000a5c        0x0 /opt/gcc-arm-none-eabi-9-2020-q2-update/bin/../lib/gcc/arm-none-eabi/9.3.1/thumb/v7e-m/nofp/crtn.o
 *(.text*)
 .text.__errno  0x0000000008000a5c        0xc /opt/gcc-arm-none-eabi-9-2020-q2-update/bin/../lib/gcc/arm-none-eabi/9.3.1/../../../../arm-none-eabi/lib/thumb/v7e-m/nofp/libc_nano.a(lib_a-errno.o)
                0x0000000008000a5c                __errno
 .text.exit     0x0000000008000a68       0x28 /opt/gcc-arm-none-eabi-9-2020-q2-update/bin/../lib/gcc/arm-none-eabi/9.3.1/../../../../arm-none-eabi/lib/thumb/v7e-m/nofp/libc_nano.a(lib_a-exit.o)
                0x0000000008000a68                exit
 .text.__libc_init_array
                0x0000000008000a90       0x48 /opt/gcc-arm-none-eabi-9-2020-q2-update/bin/../lib/gcc/arm-none-eabi/9.3.1/../../../../arm-none-eabi/lib/thumb/v7e-m/nofp/libc_nano.a(lib_a-init.o)
                0x0000000008000a90                __libc_init_array
 .text.memset   0x0000000008000ad8       0x10 /opt/gcc-arm-none-eabi-9-2020-q2-update/bin/../lib/gcc/arm-none-eabi/9.3.1/../../../../arm-none-eabi/lib/thumb/v7e-m/nofp/libc_nano.a(lib_a-memset.o)
                0x0000000008000ad8                memset
 *(.init)
 .init          0x0000000008000ae8        0x4 /opt/gcc-arm-none-eabi-9-2020-q2-update/bin/../lib/gcc/arm-none-eabi/9.3.1/thumb/v7e-m/nofp/crti.o
                0x0000000008000ae8                _init
 .init          0x0000000008000aec        0x8 /opt/gcc-arm-none-eabi-9-2020-q2-update/bin/../lib/gcc/arm-none-eabi/9.3.1/thumb/v7e-m/nofp/crtn.o
 *(.fini)
 .fini          0x0000000008000af4        0x4 /opt/gcc-arm-none-eabi-9-2020-q2-update/bin/../lib/gcc/arm-none-eabi/9.3.1/thumb/v7e-m/nofp/crti.o
                0x0000000008000af4                _fini
 .fini          0x0000000008000af8        0x8 /opt/gcc-arm-none-eabi-9-2020-q2-update/bin/../lib/gcc/arm-none-eabi/9.3.1/thumb/v7e-m/nofp/crtn.o
 *(.rodata)
 *(.rodata.*)
 .rodata._global_impure_ptr
                0x0000000008000b00        0x4 /opt/gcc-arm-none-eabi-9-2020-q2-update/bin/../lib/gcc/arm-none-eabi/9.3.1/../../../../arm-none-eabi/lib/thumb/v7e-m/nofp/libc_nano.a(lib_a-impure.o)
                0x0000000008000b00                _global_impure_ptr
                0x0000000008000b04                . = ALIGN (0x4)
                0x0000000008000b04                _etext = .
                0x0000000008000b10                _lo_data = LOADADDR (.data)

.glue_7         0x0000000008000b04        0x0
 .glue_7        0x0000000008000b04        0x0 linker stubs

.glue_7t        0x0000000008000b04        0x0
 .glue_7t       0x0000000008000b04        0x0 linker stubs

.vfp11_veneer   0x0000000008000b04        0x0
 .vfp11_veneer  0x0000000008000b04        0x0 linker stubs

.v4_bx          0x0000000008000b04        0x0
 .v4_bx         0x0000000008000b04        0x0 linker stubs

.iplt           0x0000000008000b04        0x0
 .iplt          0x0000000008000b04        0x0 /opt/gcc-arm-none-eabi-9-2020-q2-update/bin/../lib/gcc/arm-none-eabi/9.3.1/thumb/v7e-m/nofp/crtbegin.o

.eh_frame       0x0000000008000b04        0x4
 .eh_frame      0x0000000008000b04        0x0 /opt/gcc-arm-none-eabi-9-2020-q2-update/bin/../lib/gcc/arm-none-eabi/9.3.1/thumb/v7e-m/nofp/crtbegin.o
 .eh_frame      0x0000000008000b04        0x4 /opt/gcc-arm-none-eabi-9-2020-q2-update/bin/../lib/gcc/arm-none-eabi/9.3.1/thumb/v7e-m/nofp/crtend.o

.ARM.extab      0x0000000008000b08        0x0
 .ARM.extab     0x0000000008000b08        0x0 /opt/gcc-arm-none-eabi-9-2020-q2-update/bin/../lib/gcc/arm-none-eabi/9.3.1/../../../../arm-none-eabi/lib/thumb/v7e-m/nofp/crt0.o

.ARM.exidx      0x0000000008000b08        0x8
 .ARM.exidx     0x0000000008000b08        0x8 /opt/gcc-arm-none-eabi-9-2020-q2-update/bin/../lib/gcc/arm-none-eabi/9.3.1/../../../../arm-none-eabi/lib/thumb/v7e-m/nofp/crt0.o
                                         0x10 (size before relaxing)

.rel.dyn        0x0000000008000b10        0x0
 .rel.iplt      0x0000000008000b10        0x0 /opt/gcc-arm-none-eabi-9-2020-q2-update/bin/../lib/gcc/arm-none-eabi/9.3.1/thumb/v7e-m/nofp/crtbegin.o

.data           0x0000000020000000       0x74 load address 0x0000000008000b10
                0x0000000020000000                _sdata = .
 *(.data)
 .data          0x0000000020000000        0x0 /opt/gcc-arm-none-eabi-9-2020-q2-update/bin/../lib/gcc/arm-none-eabi/9.3.1/thumb/v7e-m/nofp/crti.o
 .data          0x0000000020000000        0x4 /opt/gcc-arm-none-eabi-9-2020-q2-update/bin/../lib/gcc/arm-none-eabi/9.3.1/thumb/v7e-m/nofp/crtbegin.o
                0x0000000020000000                __dso_handle
 .data          0x0000000020000004        0x0 /opt/gcc-arm-none-eabi-9-2020-q2-update/bin/../lib/gcc/arm-none-eabi/9.3.1/../../../../arm-none-eabi/lib/thumb/v7e-m/nofp/crt0.o
 .data          0x0000000020000004        0x4 syscalls.o
                0x0000000020000004                environ
 .data          0x0000000020000008        0x0 gpio_driver.o
 .data          0x0000000020000008        0x0 stm32f4_startup.o
 .data          0x0000000020000008        0x0 main.o
 .data          0x0000000020000008        0x0 HC_SR04.o
 .data          0x0000000020000008        0x0 timer_driver.o
 .data          0x0000000020000008        0x0 /opt/gcc-arm-none-eabi-9-2020-q2-update/bin/../lib/gcc/arm-none-eabi/9.3.1/../../../../arm-none-eabi/lib/thumb/v7e-m/nofp/libc_nano.a(lib_a-errno.o)
 .data          0x0000000020000008        0x0 /opt/gcc-arm-none-eabi-9-2020-q2-update/bin/../lib/gcc/arm-none-eabi/9.3.1/../../../../arm-none-eabi/lib/thumb/v7e-m/nofp/libc_nano.a(lib_a-exit.o)
 .data          0x0000000020000008        0x0 /opt/gcc-arm-none-eabi-9-2020-q2-update/bin/../lib/gcc/arm-none-eabi/9.3.1/../../../../arm-none-eabi/lib/thumb/v7e-m/nofp/libc_nano.a(lib_a-impure.o)
 .data          0x0000000020000008        0x0 /opt/gcc-arm-none-eabi-9-2020-q2-update/bin/../lib/gcc/arm-none-eabi/9.3.1/../../../../arm-none-eabi/lib/thumb/v7e-m/nofp/libc_nano.a(lib_a-init.o)
 .data          0x0000000020000008        0x0 /opt/gcc-arm-none-eabi-9-2020-q2-update/bin/../lib/gcc/arm-none-eabi/9.3.1/../../../../arm-none-eabi/lib/thumb/v7e-m/nofp/libc_nano.a(lib_a-memset.o)
 .data          0x0000000020000008        0x0 /opt/gcc-arm-none-eabi-9-2020-q2-update/bin/../lib/gcc/arm-none-eabi/9.3.1/thumb/v7e-m/nofp/crtend.o
 .data          0x0000000020000008        0x0 /opt/gcc-arm-none-eabi-9-2020-q2-update/bin/../lib/gcc/arm-none-eabi/9.3.1/thumb/v7e-m/nofp/crtn.o
 *(.data.*)
 .data._impure_ptr
                0x0000000020000008        0x4 /opt/gcc-arm-none-eabi-9-2020-q2-update/bin/../lib/gcc/arm-none-eabi/9.3.1/../../../../arm-none-eabi/lib/thumb/v7e-m/nofp/libc_nano.a(lib_a-impure.o)
                0x0000000020000008                _impure_ptr
 .data.impure_data
                0x000000002000000c       0x60 /opt/gcc-arm-none-eabi-9-2020-q2-update/bin/../lib/gcc/arm-none-eabi/9.3.1/../../../../arm-none-eabi/lib/thumb/v7e-m/nofp/libc_nano.a(lib_a-impure.o)
 *(.init_array)
 .init_array    0x000000002000006c        0x4 /opt/gcc-arm-none-eabi-9-2020-q2-update/bin/../lib/gcc/arm-none-eabi/9.3.1/thumb/v7e-m/nofp/crtbegin.o
 *(.fini_array)
 .fini_array    0x0000000020000070        0x4 /opt/gcc-arm-none-eabi-9-2020-q2-update/bin/../lib/gcc/arm-none-eabi/9.3.1/thumb/v7e-m/nofp/crtbegin.o
                0x0000000020000074                . = ALIGN (0x4)
                0x0000000020000074                _edata = .

.igot.plt       0x0000000020000074        0x0 load address 0x0000000008000b84
 .igot.plt      0x0000000020000074        0x0 /opt/gcc-arm-none-eabi-9-2020-q2-update/bin/../lib/gcc/arm-none-eabi/9.3.1/thumb/v7e-m/nofp/crtbegin.o

.bss            0x0000000020000074       0x30
                0x0000000020000074                _sbss = .
                0x0000000020000074                __bss_start__ = _sbss
 *(.bss)
 .bss           0x0000000020000074        0x0 /opt/gcc-arm-none-eabi-9-2020-q2-update/bin/../lib/gcc/arm-none-eabi/9.3.1/thumb/v7e-m/nofp/crti.o
 .bss           0x0000000020000074       0x1c /opt/gcc-arm-none-eabi-9-2020-q2-update/bin/../lib/gcc/arm-none-eabi/9.3.1/thumb/v7e-m/nofp/crtbegin.o
 .bss           0x0000000020000090        0x0 /opt/gcc-arm-none-eabi-9-2020-q2-update/bin/../lib/gcc/arm-none-eabi/9.3.1/../../../../arm-none-eabi/lib/thumb/v7e-m/nofp/crt0.o
 .bss           0x0000000020000090        0x8 syscalls.o
                0x0000000020000090                __env
 .bss           0x0000000020000098        0x0 gpio_driver.o
 .bss           0x0000000020000098        0x0 stm32f4_startup.o
 .bss           0x0000000020000098        0x0 main.o
 .bss           0x0000000020000098        0x0 HC_SR04.o
 .bss           0x0000000020000098        0x0 timer_driver.o
 .bss           0x0000000020000098        0x0 /opt/gcc-arm-none-eabi-9-2020-q2-update/bin/../lib/gcc/arm-none-eabi/9.3.1/../../../../arm-none-eabi/lib/thumb/v7e-m/nofp/libc_nano.a(lib_a-errno.o)
 .bss           0x0000000020000098        0x0 /opt/gcc-arm-none-eabi-9-2020-q2-update/bin/../lib/gcc/arm-none-eabi/9.3.1/../../../../arm-none-eabi/lib/thumb/v7e-m/nofp/libc_nano.a(lib_a-exit.o)
 .bss           0x0000000020000098        0x0 /opt/gcc-arm-none-eabi-9-2020-q2-update/bin/../lib/gcc/arm-none-eabi/9.3.1/../../../../arm-none-eabi/lib/thumb/v7e-m/nofp/libc_nano.a(lib_a-impure.o)
 .bss           0x0000000020000098        0x0 /opt/gcc-arm-none-eabi-9-2020-q2-update/bin/../lib/gcc/arm-none-eabi/9.3.1/../../../../arm-none-eabi/lib/thumb/v7e-m/nofp/libc_nano.a(lib_a-init.o)
 .bss           0x0000000020000098        0x0 /opt/gcc-arm-none-eabi-9-2020-q2-update/bin/../lib/gcc/arm-none-eabi/9.3.1/../../../../arm-none-eabi/lib/thumb/v7e-m/nofp/libc_nano.a(lib_a-memset.o)
 .bss           0x0000000020000098        0x0 /opt/gcc-arm-none-eabi-9-2020-q2-update/bin/../lib/gcc/arm-none-eabi/9.3.1/thumb/v7e-m/nofp/crtend.o
 .bss           0x0000000020000098        0x0 /opt/gcc-arm-none-eabi-9-2020-q2-update/bin/../lib/gcc/arm-none-eabi/9.3.1/thumb/v7e-m/nofp/crtn.o
 *(.bss.*)
 *(COMMON)
 COMMON         0x0000000020000098        0xc main.o
                0x0000000020000098                handler
                0x00000000200000a4                . = ALIGN (0x4)
                0x00000000200000a4                _ebss = .
                0x00000000200000a4                __bss_end__ = _ebss
                0x00000000200000a4                . = ALIGN (0x4)
                0x00000000200000a4                end = .
                0x00000000200000a4                __end__ = end
OUTPUT(final.elf elf32-littlearm)
LOAD linker stubs

.ARM.attributes
                0x0000000000000000       0x2a
 .ARM.attributes
                0x0000000000000000       0x1e /opt/gcc-arm-none-eabi-9-2020-q2-update/bin/../lib/gcc/arm-none-eabi/9.3.1/thumb/v7e-m/nofp/crti.o
 .ARM.attributes
                0x000000000000001e       0x2e /opt/gcc-arm-none-eabi-9-2020-q2-update/bin/../lib/gcc/arm-none-eabi/9.3.1/thumb/v7e-m/nofp/crtbegin.o
 .ARM.attributes
                0x000000000000004c       0x1c /opt/gcc-arm-none-eabi-9-2020-q2-update/bin/../lib/gcc/arm-none-eabi/9.3.1/../../../../arm-none-eabi/lib/thumb/v7e-m/nofp/crt0.o
 .ARM.attributes
                0x0000000000000068       0x2e syscalls.o
 .ARM.attributes
                0x0000000000000096       0x2e gpio_driver.o
 .ARM.attributes
                0x00000000000000c4       0x2e stm32f4_startup.o
 .ARM.attributes
                0x00000000000000f2       0x2e main.o
 .ARM.attributes
                0x0000000000000120       0x2e HC_SR04.o
 .ARM.attributes
                0x000000000000014e       0x2e timer_driver.o
 .ARM.attributes
                0x000000000000017c       0x2e /opt/gcc-arm-none-eabi-9-2020-q2-update/bin/../lib/gcc/arm-none-eabi/9.3.1/../../../../arm-none-eabi/lib/thumb/v7e-m/nofp/libc_nano.a(lib_a-errno.o)
 .ARM.attributes
                0x00000000000001aa       0x2e /opt/gcc-arm-none-eabi-9-2020-q2-update/bin/../lib/gcc/arm-none-eabi/9.3.1/../../../../arm-none-eabi/lib/thumb/v7e-m/nofp/libc_nano.a(lib_a-exit.o)
 .ARM.attributes
                0x00000000000001d8       0x2e /opt/gcc-arm-none-eabi-9-2020-q2-update/bin/../lib/gcc/arm-none-eabi/9.3.1/../../../../arm-none-eabi/lib/thumb/v7e-m/nofp/libc_nano.a(lib_a-impure.o)
 .ARM.attributes
                0x0000000000000206       0x2e /opt/gcc-arm-none-eabi-9-2020-q2-update/bin/../lib/gcc/arm-none-eabi/9.3.1/../../../../arm-none-eabi/lib/thumb/v7e-m/nofp/libc_nano.a(lib_a-init.o)
 .ARM.attributes
                0x0000000000000234       0x2e /opt/gcc-arm-none-eabi-9-2020-q2-update/bin/../lib/gcc/arm-none-eabi/9.3.1/../../../../arm-none-eabi/lib/thumb/v7e-m/nofp/libc_nano.a(lib_a-memset.o)
 .ARM.attributes
                0x0000000000000262       0x2e /opt/gcc-arm-none-eabi-9-2020-q2-update/bin/../lib/gcc/arm-none-eabi/9.3.1/thumb/v7e-m/nofp/crtend.o
 .ARM.attributes
                0x0000000000000290       0x1e /opt/gcc-arm-none-eabi-9-2020-q2-update/bin/../lib/gcc/arm-none-eabi/9.3.1/thumb/v7e-m/nofp/crtn.o

.comment        0x0000000000000000       0x4c
 .comment       0x0000000000000000       0x4c syscalls.o
                                         0x4d (size before relaxing)
 .comment       0x000000000000004c       0x4d gpio_driver.o
 .comment       0x000000000000004c       0x4d stm32f4_startup.o
 .comment       0x000000000000004c       0x4d main.o
 .comment       0x000000000000004c       0x4d HC_SR04.o
 .comment       0x000000000000004c       0x4d timer_driver.o

.debug_frame    0x0000000000000000       0x94
 .debug_frame   0x0000000000000000       0x20 /opt/gcc-arm-none-eabi-9-2020-q2-update/bin/../lib/gcc/arm-none-eabi/9.3.1/../../../../arm-none-eabi/lib/thumb/v7e-m/nofp/libc_nano.a(lib_a-errno.o)
 .debug_frame   0x0000000000000020       0x28 /opt/gcc-arm-none-eabi-9-2020-q2-update/bin/../lib/gcc/arm-none-eabi/9.3.1/../../../../arm-none-eabi/lib/thumb/v7e-m/nofp/libc_nano.a(lib_a-exit.o)
 .debug_frame   0x0000000000000048       0x2c /opt/gcc-arm-none-eabi-9-2020-q2-update/bin/../lib/gcc/arm-none-eabi/9.3.1/../../../../arm-none-eabi/lib/thumb/v7e-m/nofp/libc_nano.a(lib_a-init.o)
 .debug_frame   0x0000000000000074       0x20 /opt/gcc-arm-none-eabi-9-2020-q2-update/bin/../lib/gcc/arm-none-eabi/9.3.1/../../../../arm-none-eabi/lib/thumb/v7e-m/nofp/libc_nano.a(lib_a-memset.o)
