Archive member included to satisfy reference by file (symbol)

/opt/gcc-arm-none-eabi-9-2020-q2-update/bin/../lib/gcc/arm-none-eabi/9.3.1/thumb/v7e-m/nofp/libgcc.a(_arm_muldf3.o)
                              main.o (__aeabi_dmul)
/opt/gcc-arm-none-eabi-9-2020-q2-update/bin/../lib/gcc/arm-none-eabi/9.3.1/thumb/v7e-m/nofp/libgcc.a(_arm_mulsf3.o)
                              HC_SR04.o (__aeabi_fmul)
/opt/gcc-arm-none-eabi-9-2020-q2-update/bin/../lib/gcc/arm-none-eabi/9.3.1/thumb/v7e-m/nofp/libgcc.a(_arm_addsubdf3.o)
                              main.o (__aeabi_f2d)
/opt/gcc-arm-none-eabi-9-2020-q2-update/bin/../lib/gcc/arm-none-eabi/9.3.1/thumb/v7e-m/nofp/libgcc.a(_arm_truncdfsf2.o)
                              main.o (__aeabi_d2f)
/opt/gcc-arm-none-eabi-9-2020-q2-update/bin/../lib/gcc/arm-none-eabi/9.3.1/thumb/v7e-m/nofp/libgcc.a(_arm_addsubsf3.o)
                              main.o (__aeabi_fadd)
/opt/gcc-arm-none-eabi-9-2020-q2-update/bin/../lib/gcc/arm-none-eabi/9.3.1/thumb/v7e-m/nofp/libgcc.a(_arm_muldivsf3.o)
                              HC_SR04.o (__aeabi_fdiv)
/opt/gcc-arm-none-eabi-9-2020-q2-update/bin/../lib/gcc/arm-none-eabi/9.3.1/../../../../arm-none-eabi/lib/thumb/v7e-m/nofp/libc.a(lib_a-exit.o)
                              /opt/gcc-arm-none-eabi-9-2020-q2-update/bin/../lib/gcc/arm-none-eabi/9.3.1/../../../../arm-none-eabi/lib/thumb/v7e-m/nofp/rdimon-crt0.o (exit)
/opt/gcc-arm-none-eabi-9-2020-q2-update/bin/../lib/gcc/arm-none-eabi/9.3.1/../../../../arm-none-eabi/lib/thumb/v7e-m/nofp/libc.a(lib_a-impure.o)
                              /opt/gcc-arm-none-eabi-9-2020-q2-update/bin/../lib/gcc/arm-none-eabi/9.3.1/../../../../arm-none-eabi/lib/thumb/v7e-m/nofp/libc.a(lib_a-exit.o) (_global_impure_ptr)
/opt/gcc-arm-none-eabi-9-2020-q2-update/bin/../lib/gcc/arm-none-eabi/9.3.1/../../../../arm-none-eabi/lib/thumb/v7e-m/nofp/libc.a(lib_a-init.o)
                              /opt/gcc-arm-none-eabi-9-2020-q2-update/bin/../lib/gcc/arm-none-eabi/9.3.1/../../../../arm-none-eabi/lib/thumb/v7e-m/nofp/rdimon-crt0.o (__libc_init_array)
/opt/gcc-arm-none-eabi-9-2020-q2-update/bin/../lib/gcc/arm-none-eabi/9.3.1/../../../../arm-none-eabi/lib/thumb/v7e-m/nofp/libc.a(lib_a-memset.o)
                              /opt/gcc-arm-none-eabi-9-2020-q2-update/bin/../lib/gcc/arm-none-eabi/9.3.1/../../../../arm-none-eabi/lib/thumb/v7e-m/nofp/rdimon-crt0.o (memset)
/opt/gcc-arm-none-eabi-9-2020-q2-update/bin/../lib/gcc/arm-none-eabi/9.3.1/../../../../arm-none-eabi/lib/thumb/v7e-m/nofp/libc.a(lib_a-printf.o)
                              main.o (printf)
/opt/gcc-arm-none-eabi-9-2020-q2-update/bin/../lib/gcc/arm-none-eabi/9.3.1/../../../../arm-none-eabi/lib/thumb/v7e-m/nofp/libc.a(lib_a-puts.o)
                              main.o (puts)
/opt/gcc-arm-none-eabi-9-2020-q2-update/bin/../lib/gcc/arm-none-eabi/9.3.1/../../../../arm-none-eabi/lib/thumb/v7e-m/nofp/libc.a(lib_a-strlen.o)
                              /opt/gcc-arm-none-eabi-9-2020-q2-update/bin/../lib/gcc/arm-none-eabi/9.3.1/../../../../arm-none-eabi/lib/thumb/v7e-m/nofp/libc.a(lib_a-puts.o) (strlen)
/opt/gcc-arm-none-eabi-9-2020-q2-update/bin/../lib/gcc/arm-none-eabi/9.3.1/../../../../arm-none-eabi/lib/thumb/v7e-m/nofp/libc.a(lib_a-vfprintf.o)
                              /opt/gcc-arm-none-eabi-9-2020-q2-update/bin/../lib/gcc/arm-none-eabi/9.3.1/../../../../arm-none-eabi/lib/thumb/v7e-m/nofp/libc.a(lib_a-printf.o) (_vfprintf_r)
/opt/gcc-arm-none-eabi-9-2020-q2-update/bin/../lib/gcc/arm-none-eabi/9.3.1/../../../../arm-none-eabi/lib/thumb/v7e-m/nofp/libc.a(lib_a-wsetup.o)
                              /opt/gcc-arm-none-eabi-9-2020-q2-update/bin/../lib/gcc/arm-none-eabi/9.3.1/../../../../arm-none-eabi/lib/thumb/v7e-m/nofp/libc.a(lib_a-vfprintf.o) (__swsetup_r)
/opt/gcc-arm-none-eabi-9-2020-q2-update/bin/../lib/gcc/arm-none-eabi/9.3.1/../../../../arm-none-eabi/lib/thumb/v7e-m/nofp/libc.a(lib_a-__call_atexit.o)
                              /opt/gcc-arm-none-eabi-9-2020-q2-update/bin/../lib/gcc/arm-none-eabi/9.3.1/../../../../arm-none-eabi/lib/thumb/v7e-m/nofp/libc.a(lib_a-exit.o) (__call_exitprocs)
/opt/gcc-arm-none-eabi-9-2020-q2-update/bin/../lib/gcc/arm-none-eabi/9.3.1/../../../../arm-none-eabi/lib/thumb/v7e-m/nofp/libc.a(lib_a-atexit.o)
                              /opt/gcc-arm-none-eabi-9-2020-q2-update/bin/../lib/gcc/arm-none-eabi/9.3.1/../../../../arm-none-eabi/lib/thumb/v7e-m/nofp/libc.a(lib_a-__call_atexit.o) (atexit)
/opt/gcc-arm-none-eabi-9-2020-q2-update/bin/../lib/gcc/arm-none-eabi/9.3.1/../../../../arm-none-eabi/lib/thumb/v7e-m/nofp/libc.a(lib_a-dtoa.o)
                              /opt/gcc-arm-none-eabi-9-2020-q2-update/bin/../lib/gcc/arm-none-eabi/9.3.1/../../../../arm-none-eabi/lib/thumb/v7e-m/nofp/libc.a(lib_a-vfprintf.o) (_dtoa_r)
/opt/gcc-arm-none-eabi-9-2020-q2-update/bin/../lib/gcc/arm-none-eabi/9.3.1/../../../../arm-none-eabi/lib/thumb/v7e-m/nofp/libc.a(lib_a-fflush.o)
[...]
Memory Configuration

Name             Origin             Length             Attributes
FLASH            0x0000000008000000 0x0000000000100000 xr
SRAM             0x0000000020000000 0x0000000000020000 xrw
*default*        0x0000000000000000 0xffffffffffffffff

Linker script and memory map

LOAD /opt/gcc-arm-none-eabi-9-2020-q2-update/bin/../lib/gcc/arm-none-eabi/9.3.1/thumb/v7e-m/nofp/crti.o
LOAD /opt/gcc-arm-none-eabi-9-2020-q2-update/bin/../lib/gcc/arm-none-eabi/9.3.1/thumb/v7e-m/nofp/crtbegin.o
LOAD /opt/gcc-arm-none-eabi-9-2020-q2-update/bin/../lib/gcc/arm-none-eabi/9.3.1/../../../../arm-none-eabi/lib/thumb/v7e-m/nofp/rdimon-crt0.o
LOAD gpio_driver.o
LOAD stm32f4_startup.o
LOAD main.o
LOAD HC_SR04.o
LOAD timer_driver.o
START GROUP
LOAD /opt/gcc-arm-none-eabi-9-2020-q2-update/bin/../lib/gcc/arm-none-eabi/9.3.1/thumb/v7e-m/nofp/libgcc.a
LOAD /opt/gcc-arm-none-eabi-9-2020-q2-update/bin/../lib/gcc/arm-none-eabi/9.3.1/../../../../arm-none-eabi/lib/thumb/v7e-m/nofp/libc.a
END GROUP
START GROUP
LOAD /opt/gcc-arm-none-eabi-9-2020-q2-update/bin/../lib/gcc/arm-none-eabi/9.3.1/thumb/v7e-m/nofp/libgcc.a
LOAD /opt/gcc-arm-none-eabi-9-2020-q2-update/bin/../lib/gcc/arm-none-eabi/9.3.1/../../../../arm-none-eabi/lib/thumb/v7e-m/nofp/libc.a
LOAD /opt/gcc-arm-none-eabi-9-2020-q2-update/bin/../lib/gcc/arm-none-eabi/9.3.1/../../../../arm-none-eabi/lib/thumb/v7e-m/nofp/librdimon.a
END GROUP
LOAD /opt/gcc-arm-none-eabi-9-2020-q2-update/bin/../lib/gcc/arm-none-eabi/9.3.1/thumb/v7e-m/nofp/crtend.o
LOAD /opt/gcc-arm-none-eabi-9-2020-q2-update/bin/../lib/gcc/arm-none-eabi/9.3.1/thumb/v7e-m/nofp/crtn.o

.text           0x0000000008000000     0xaae4
 *(.isr_vector)
 .isr_vector    0x0000000008000000      0x188 stm32f4_startup.o
                0x0000000008000000                vectors
 *(.text)
 .text          0x0000000008000188        0x0 /opt/gcc-arm-none-eabi-9-2020-q2-update/bin/../lib/gcc/arm-none-eabi/9.3.1/thumb/v7e-m/nofp/crti.o
 .text          0x0000000008000188       0x40 /opt/gcc-arm-none-eabi-9-2020-q2-update/bin/../lib/gcc/arm-none-eabi/9.3.1/thumb/v7e-m/nofp/crtbegin.o
 .text          0x00000000080001c8       0xf8 /opt/gcc-arm-none-eabi-9-2020-q2-update/bin/../lib/gcc/arm-none-eabi/9.3.1/../../../../arm-none-eabi/lib/thumb/v7e-m/nofp/rdimon-crt0.o
                0x00000000080001c8                _stack_init
                0x00000000080001d4                _mainCRTStartup
                0x00000000080001d4                _start
 .text          0x00000000080002c0      0x2c8 gpio_driver.o
                0x00000000080002c0                Gpio_init
                0x00000000080003a8                Gpio_reset
                0x0000000008000430                GPIO_PeriCLKcontrol
                0x00000000080004e0                GPIO_readInputFromPin
                0x000000000800050a                GPIO_readInputFromPort
                0x0000000008000522                GPIO_writeOutputInPin
                0x000000000800056a                GPIO_writeOutputInPort
 .text          0x0000000008000588       0x90 stm32f4_startup.o
                0x0000000008000588                RTC_WKUP_Handler
                0x0000000008000588                FLASH_Handler
                0x0000000008000588                SVCall_Handler
                0x0000000008000588                DMA2_Stream7_Handler
                0x0000000008000588                OTG_HS_Handler
                0x0000000008000588                DMA2_Stream3_Handler
                0x0000000008000588                SysTick_Handler
                0x0000000008000588                USART3_Handler
                0x0000000008000588                PendSV_Handler
                0x0000000008000588                NMI_Handler
                0x0000000008000588                CAN1_RX1_Handler
                0x0000000008000588                EXTI15_10_Handler
                0x0000000008000588                ADC_Handler
                0x0000000008000588                HASH_RNG_Handler
                0x0000000008000588                I2C1_EV_Handler
                0x0000000008000588                TAMP_STAMP_Handler
                0x0000000008000588                I2C3_ER_Handler
                0x0000000008000588                WWDG_Handler
                0x0000000008000588                EXTI4_Handler
                0x0000000008000588                I2C3_EV_Handler
                0x0000000008000588                DMA1_Stream1_Handler
                0x0000000008000588                DMA2_Stream4_Handler
                0x0000000008000588                DMA1_Stream7_Handler
                0x0000000008000588                OTG_FS_Handler
                0x0000000008000588                ETH_WKUP_Handler
                0x0000000008000588                TIM1_BRK_TIM9_Handler
                0x0000000008000588                I2C1_ER_Handler
                0x0000000008000588                DMA1_Stream3_Handler
                0x0000000008000588                UsageFault_Handler
                0x0000000008000588                TIM1_UP_TIM10_Handler
                0x0000000008000588                CAN1_RX0_Handler
                0x0000000008000588                TIM1_CC_Handler
                0x0000000008000588                I2C2_ER_Handler
                0x0000000008000588                USART6_Handler
                0x0000000008000588                TIM8_CC_Handler
                0x0000000008000588                CAN1_SCE_Handler
                0x0000000008000588                DMA1_Stream0_Handler
                0x0000000008000588                OTG_HS_EP1_OUT_Handler
                0x0000000008000588                FSMC_Handler
                0x0000000008000588                EXTI1_Handler
                0x0000000008000588                EXTI3_Handler
                0x0000000008000588                CRYP_Handler
                0x0000000008000588                EXTI2_Handler
                0x0000000008000588                UART4_Handler
                0x0000000008000588                CAN2_RX1_Handler
                0x0000000008000588                EXTI9_5_Handler
                0x0000000008000588                USART1_Handler
                0x0000000008000588                CAN2_SCE_Handler
                0x0000000008000588                TIM3_Handler
                0x0000000008000588                DMA2_Stream6_Handler
                0x0000000008000588                Default_Handler
                0x0000000008000588                DCMI_Handler
                0x0000000008000588                TIM1_TRG_COM_TIM11_Handler
                0x0000000008000588                RTC_Alarm_Handler
                0x0000000008000588                TIM4_Handler
                0x0000000008000588                TIM8_UP_TIM13_Handler
                0x0000000008000588                CAN2_TX_Handler
                0x0000000008000588                SPI2_Handler
                0x0000000008000588                DMA2_Stream1_Handler
                0x0000000008000588                DMA1_Stream2_Handler
                0x0000000008000588                EXTI0_Handler
                0x0000000008000588                TIM8_BRK_TIM12_Handler
                0x0000000008000588                CAN2_RX0_Handler
                0x0000000008000588                DMA2_Stream5_Handler
                0x0000000008000588                DMA1_Stream6_Handler
                0x0000000008000588                SDIO_Handler
                0x0000000008000588                USART2_Handler
                0x0000000008000588                ETH_Handler
                0x0000000008000588                SPI1_Handler
                0x0000000008000588                I2C2_EV_Handler
                0x0000000008000588                DMA2_Stream2_Handler
                0x0000000008000588                Debug_Monitor_Handler
                0x0000000008000588                SPI3_Handler
                0x0000000008000588                DMA2_Stream0_Handler
                0x0000000008000588                RCC_Handler
                0x0000000008000588                PVD_Handler
                0x0000000008000588                UART5_Handler
                0x0000000008000588                DMA1_Stream5_Handler
                0x0000000008000588                TIM5_Handler
                0x0000000008000588                TIM7_Handler
                0x0000000008000588                TIM8_TRG_COM_TIM14_Handler
                0x0000000008000588                CAN1_TX_Handler
                0x0000000008000588                FPU_Handler
                0x0000000008000588                DMA1_Stream4_Handler
                0x0000000008000588                OTG_HS_WKUP_Handler
                0x0000000008000588                OTG_FS_WKUP_Handler
                0x0000000008000588                OTG_HS_EP1_IN_Handler
                0x000000000800058e                Reset_Handler
 .text          0x0000000008000618      0x7bc main.o
                0x0000000008000618                main
                0x000000000800062a                gpio_toggle
                0x0000000008000652                gpio_init_test
                0x00000000080006a0                gpio_pin_toggle
                0x00000000080006dc                gpio_delay
                0x0000000008000704                tim_delay
                0x000000000800075e                testing_hcsr04
                0x00000000080008a0                testing_output_capture_with_interrupt
                0x000000000800094c                testing_general_timer
                0x0000000008000994                testing_basic_timer_with_interrupt
                0x00000000080009f8                testing_input_capture_with_interrupt
                0x0000000008000abc                TIM6_DAC_Handler
                0x0000000008000af0                TIM2_Handler
                0x0000000008000d68                enable_processor_faults
                0x0000000008000da4                HardFault_Handler
                0x0000000008000db4                MemManage_Handler
                0x0000000008000dc4                BusFault_Handler
 *fill*         0x0000000008000dd4        0x4 
 .text          0x0000000008000dd8      0x1e0 HC_SR04.o
                0x0000000008000dd8                hc_sr04_send_trigger
                0x0000000008000ee4                hc_sr04_get_time_lapse
                0x0000000008000f5c                hc_sr04_get_distance_in_cm
                0x0000000008000f84                hc_sr04_get_distance_in_inch
 .text          0x0000000008000fb8      0xa88 timer_driver.o
                0x0000000008000fb8                Timer_init
                0x0000000008001078                Timer_OC_init
                0x0000000008001234                Timer_OC_enable
                0x0000000008001252                Timer_OC_disable
                0x0000000008001270                Timer_OC_IT_enable
                0x000000000800128e                Timer_OC_IT_disable
                0x00000000080012ac                Timer_IC_init
                0x0000000008001546                Timer_IC_IT_enable
                0x000000000800156e                Timer_IC_IT_disable
                0x0000000008001598                Timer_IC_enable
                0x0000000008001606                Timer_IC_disable
                0x0000000008001672                Timer_enable
                0x00000000080016a6                Timer_disable
                0x00000000080016da                wait_till_Timer_event
                0x000000000800172a                Timer_clear_UIF_flag
                0x000000000800175e                Timer_reset
                0x00000000080017e8                Timer_PeriCLK
                0x0000000008001894                Timer_IT_state
                0x00000000080018e4                Timer_interruptConfig
                0x00000000080019d8                Timer_priorityConfig
                0x0000000008001a2c                Timer_interrupt_callback_func
 .text          0x0000000008001a40      0x254 /opt/gcc-arm-none-eabi-9-2020-q2-update/bin/../lib/gcc/arm-none-eabi/9.3.1/thumb/v7e-m/nofp/libgcc.a(_arm_muldf3.o)
 .text          0x0000000008001c94      0x168 /opt/gcc-arm-none-eabi-9-2020-q2-update/bin/../lib/gcc/arm-none-eabi/9.3.1/thumb/v7e-m/nofp/libgcc.a(_arm_mulsf3.o)
 .text          0x0000000008001dfc      0x378 /opt/gcc-arm-none-eabi-9-2020-q2-update/bin/../lib/gcc/arm-none-eabi/9.3.1/thumb/v7e-m/nofp/libgcc.a(_arm_addsubdf3.o)
                0x0000000008001dfc                __aeabi_drsub
                0x0000000008001e04                __aeabi_dsub
                0x0000000008001e04                __subdf3
                0x0000000008001e08                __adddf3
                0x0000000008001e08                __aeabi_dadd
                0x0000000008002080                __aeabi_ui2d
                0x0000000008002080                __floatunsidf
                0x00000000080020a0                __floatsidf
                0x00000000080020a0                __aeabi_i2d
                0x00000000080020c4                __extendsfdf2
                0x00000000080020c4                __aeabi_f2d
                0x0000000008002108                __aeabi_ul2d
                0x0000000008002108                __floatundidf
                0x0000000008002118                __floatdidf
                0x0000000008002118                __aeabi_l2d
 .text          0x0000000008002174       0xa0 /opt/gcc-arm-none-eabi-9-2020-q2-update/bin/../lib/gcc/arm-none-eabi/9.3.1/thumb/v7e-m/nofp/libgcc.a(_arm_truncdfsf2.o)
                0x0000000008002174                __aeabi_d2f
                0x0000000008002174                __truncdfsf2
 .text          0x0000000008002214      0x21c /opt/gcc-arm-none-eabi-9-2020-q2-update/bin/../lib/gcc/arm-none-eabi/9.3.1/thumb/v7e-m/nofp/libgcc.a(_arm_addsubsf3.o)
                0x0000000008002214                __aeabi_frsub
                0x000000000800221c                __subsf3
                0x000000000800221c                __aeabi_fsub
                0x0000000008002220                __aeabi_fadd
                0x0000000008002220                __addsf3
                0x0000000008002380                __aeabi_ui2f
                0x0000000008002380                __floatunsisf
                0x0000000008002388                __aeabi_i2f
                0x0000000008002388                __floatsisf
                0x00000000080023a4                __floatundisf
                0x00000000080023a4                __aeabi_ul2f
                0x00000000080023b4                __floatdisf
                0x00000000080023b4                __aeabi_l2f
 .text          0x0000000008002430      0x2a0 /opt/gcc-arm-none-eabi-9-2020-q2-update/bin/../lib/gcc/arm-none-eabi/9.3.1/thumb/v7e-m/nofp/libgcc.a(_arm_muldivsf3.o)
                0x0000000008002430                __mulsf3
                0x0000000008002430                __aeabi_fmul
                0x0000000008002598                __divsf3
                0x0000000008002598                __aeabi_fdiv
 .text          0x00000000080026d0        0x0 /opt/gcc-arm-none-eabi-9-2020-q2-update/bin/../lib/gcc/arm-none-eabi/9.3.1/../../../../arm-none-eabi/lib/thumb/v7e-m/nofp/libc.a(lib_a-exit.o)
 .text          0x00000000080026d0        0x0 /opt/gcc-arm-none-eabi-9-2020-q2-update/bin/../lib/gcc/arm-none-eabi/9.3.1/../../../../arm-none-eabi/lib/thumb/v7e-m/nofp/libc.a(lib_a-impure.o)
 .text          0x00000000080026d0        0x0 /opt/gcc-arm-none-eabi-9-2020-q2-update/bin/../lib/gcc/arm-none-eabi/9.3.1/../../../../arm-none-eabi/lib/thumb/v7e-m/nofp/libc.a(lib_a-init.o)
 .text          0x00000000080026d0        0x0 /opt/gcc-arm-none-eabi-9-2020-q2-update/bin/../lib/gcc/arm-none-eabi/9.3.1/../../../../arm-none-eabi/lib/thumb/v7e-m/nofp/libc.a(lib_a-memset.o)
 .text          0x00000000080026d0        0x0 /opt/gcc-arm-none-eabi-9-2020-q2-update/bin/../lib/gcc/arm-none-eabi/9.3.1/../../../../arm-none-eabi/lib/thumb/v7e-m/nofp/libc.a(lib_a-printf.o)
 .text          0x00000000080026d0        0x0 /opt/gcc-arm-none-eabi-9-2020-q2-update/bin/../lib/gcc/arm-none-eabi/9.3.1/../../../../arm-none-eabi/lib/thumb/v7e-m/nofp/libc.a(lib_a-puts.o)
 *fill*         0x00000000080026d0       0x30 
 .text          0x0000000008002700       0xdc /opt/gcc-arm-none-eabi-9-2020-q2-update/bin/../lib/gcc/arm-none-eabi/9.3.1/../../../../arm-none-eabi/lib/thumb/v7e-m/nofp/libc.a(lib_a-strlen.o)
                0x0000000008002700                strlen
 .text          0x00000000080027dc        0x0 /opt/gcc-arm-none-eabi-9-2020-q2-update/bin/../lib/gcc/arm-none-eabi/9.3.1/../../../../arm-none-eabi/lib/thumb/v7e-m/nofp/libc.a(lib_a-vfprintf.o)
 .text          0x00000000080027dc        0x0 /opt/gcc-arm-none-eabi-9-2020-q2-update/bin/../lib/gcc/arm-none-eabi/9.3.1/../../../../arm-none-eabi/lib/thumb/v7e-m/nofp/libc.a(lib_a-wsetup.o)
 .text          0x00000000080027dc        0x0 /opt/gcc-arm-none-eabi-9-2020-q2-update/bin/../lib/gcc/arm-none-eabi/9.3.1/../../../../arm-none-eabi/lib/thumb/v7e-m/nofp/libc.a(lib_a-__call_atexit.o)
 .text          0x00000000080027dc        0x0 /opt/gcc-arm-none-eabi-9-2020-q2-update/bin/../lib/gcc/arm-none-eabi/9.3.1/../../../../arm-none-eabi/lib/thumb/v7e-m/nofp/libc.a(lib_a-atexit.o)
 .text          0x00000000080027dc        0x0 /opt/gcc-arm-none-eabi-9-2020-q2-update/bin/../lib/gcc/arm-none-eabi/9.3.1/../../../../arm-none-eabi/lib/thumb/v7e-m/nofp/libc.a(lib_a-dtoa.o)
 .text          0x00000000080027dc        0x0 /opt/gcc-arm-none-eabi-9-2020-q2-update/bin/../lib/gcc/arm-none-eabi/9.3.1/../../../../arm-none-eabi/lib/thumb/v7e-m/nofp/libc.a(lib_a-fflush.o)
 .text          0x00000000080027dc        0x0 /opt/gcc-arm-none-eabi-9-2020-q2-update/bin/../lib/gcc/arm-none-eabi/9.3.1/../../../../arm-none-eabi/lib/thumb/v7e-m/nofp/libc.a(lib_a-findfp.o)
 .text          0x00000000080027dc        0x0 /opt/gcc-arm-none-eabi-9-2020-q2-update/bin/../lib/gcc/arm-none-eabi/9.3.1/../../../../arm-none-eabi/lib/thumb/v7e-m/nofp/libc.a(lib_a-fini.o)
 .text          0x00000000080027dc        0x0 /opt/gcc-arm-none-eabi-9-2020-q2-update/bin/../lib/gcc/arm-none-eabi/9.3.1/../../../../arm-none-eabi/lib/thumb/v7e-m/nofp/libc.a(lib_a-freer.o)
 .text          0x00000000080027dc        0x0 /opt/gcc-arm-none-eabi-9-2020-q2-update/bin/../lib/gcc/arm-none-eabi/9.3.1/../../../../arm-none-eabi/lib/thumb/v7e-m/nofp/libc.a(lib_a-fvwrite.o)
 .text          0x00000000080027dc        0x0 /opt/gcc-arm-none-eabi-9-2020-q2-update/bin/../lib/gcc/arm-none-eabi/9.3.1/../../../../arm-none-eabi/lib/thumb/v7e-m/nofp/libc.a(lib_a-fwalk.o)
 .text          0x00000000080027dc        0x0 /opt/gcc-arm-none-eabi-9-2020-q2-update/bin/../lib/gcc/arm-none-eabi/9.3.1/../../../../arm-none-eabi/lib/thumb/v7e-m/nofp/libc.a(lib_a-localeconv.o)
 .text          0x00000000080027dc        0x0 /opt/gcc-arm-none-eabi-9-2020-q2-update/bin/../lib/gcc/arm-none-eabi/9.3.1/../../../../arm-none-eabi/lib/thumb/v7e-m/nofp/libc.a(lib_a-lock.o)
 .text          0x00000000080027dc        0x0 /opt/gcc-arm-none-eabi-9-2020-q2-update/bin/../lib/gcc/arm-none-eabi/9.3.1/../../../../arm-none-eabi/lib/thumb/v7e-m/nofp/libc.a(lib_a-makebuf.o)
 .text          0x00000000080027dc        0x0 /opt/gcc-arm-none-eabi-9-2020-q2-update/bin/../lib/gcc/arm-none-eabi/9.3.1/../../../../arm-none-eabi/lib/thumb/v7e-m/nofp/libc.a(lib_a-mallocr.o)
 *fill*         0x00000000080027dc        0x4 
 .text          0x00000000080027e0       0xa0 /opt/gcc-arm-none-eabi-9-2020-q2-update/bin/../lib/gcc/arm-none-eabi/9.3.1/../../../../arm-none-eabi/lib/thumb/v7e-m/nofp/libc.a(lib_a-memchr.o)
                0x00000000080027e0                memchr
 .text          0x0000000008002880      0x134 /opt/gcc-arm-none-eabi-9-2020-q2-update/bin/../lib/gcc/arm-none-eabi/9.3.1/../../../../arm-none-eabi/lib/thumb/v7e-m/nofp/libc.a(lib_a-memcpy.o)
                0x0000000008002880                memcpy
 .text          0x00000000080029b4        0x0 /opt/gcc-arm-none-eabi-9-2020-q2-update/bin/../lib/gcc/arm-none-eabi/9.3.1/../../../../arm-none-eabi/lib/thumb/v7e-m/nofp/libc.a(lib_a-memmove.o)
 .text          0x00000000080029b4        0x0 /opt/gcc-arm-none-eabi-9-2020-q2-update/bin/../lib/gcc/arm-none-eabi/9.3.1/../../../../arm-none-eabi/lib/thumb/v7e-m/nofp/libc.a(lib_a-mlock.o)
 .text          0x00000000080029b4        0x0 /opt/gcc-arm-none-eabi-9-2020-q2-update/bin/../lib/gcc/arm-none-eabi/9.3.1/../../../../arm-none-eabi/lib/thumb/v7e-m/nofp/libc.a(lib_a-mprec.o)
 .text          0x00000000080029b4        0x0 /opt/gcc-arm-none-eabi-9-2020-q2-update/bin/../lib/gcc/arm-none-eabi/9.3.1/../../../../arm-none-eabi/lib/thumb/v7e-m/nofp/libc.a(lib_a-reallocr.o)
 .text          0x00000000080029b4        0x0 /opt/gcc-arm-none-eabi-9-2020-q2-update/bin/../lib/gcc/arm-none-eabi/9.3.1/../../../../arm-none-eabi/lib/thumb/v7e-m/nofp/libc.a(lib_a-s_frexp.o)
 .text          0x00000000080029b4        0x0 /opt/gcc-arm-none-eabi-9-2020-q2-update/bin/../lib/gcc/arm-none-eabi/9.3.1/../../../../arm-none-eabi/lib/thumb/v7e-m/nofp/libc.a(lib_a-sbrkr.o)
 .text          0x00000000080029b4        0x0 /opt/gcc-arm-none-eabi-9-2020-q2-update/bin/../lib/gcc/arm-none-eabi/9.3.1/../../../../arm-none-eabi/lib/thumb/v7e-m/nofp/libc.a(lib_a-stdio.o)
 .text          0x00000000080029b4        0x0 /opt/gcc-arm-none-eabi-9-2020-q2-update/bin/../lib/gcc/arm-none-eabi/9.3.1/../../../../arm-none-eabi/lib/thumb/v7e-m/nofp/libc.a(lib_a-strncpy.o)
 .text          0x00000000080029b4        0x0 /opt/gcc-arm-none-eabi-9-2020-q2-update/bin/../lib/gcc/arm-none-eabi/9.3.1/../../../../arm-none-eabi/lib/thumb/v7e-m/nofp/libc.a(lib_a-vfiprintf.o)
 .text          0x00000000080029b4        0x0 /opt/gcc-arm-none-eabi-9-2020-q2-update/bin/../lib/gcc/arm-none-eabi/9.3.1/../../../../arm-none-eabi/lib/thumb/v7e-m/nofp/libc.a(lib_a-writer.o)
 .text          0x00000000080029b4        0x0 /opt/gcc-arm-none-eabi-9-2020-q2-update/bin/../lib/gcc/arm-none-eabi/9.3.1/../../../../arm-none-eabi/lib/thumb/v7e-m/nofp/libc.a(lib_a-__atexit.o)
 .text          0x00000000080029b4        0x0 /opt/gcc-arm-none-eabi-9-2020-q2-update/bin/../lib/gcc/arm-none-eabi/9.3.1/../../../../arm-none-eabi/lib/thumb/v7e-m/nofp/libc.a(lib_a-assert.o)
 .text          0x00000000080029b4        0x0 /opt/gcc-arm-none-eabi-9-2020-q2-update/bin/../lib/gcc/arm-none-eabi/9.3.1/../../../../arm-none-eabi/lib/thumb/v7e-m/nofp/libc.a(lib_a-callocr.o)
 .text          0x00000000080029b4        0x0 /opt/gcc-arm-none-eabi-9-2020-q2-update/bin/../lib/gcc/arm-none-eabi/9.3.1/../../../../arm-none-eabi/lib/thumb/v7e-m/nofp/libc.a(lib_a-closer.o)
 .text          0x00000000080029b4        0x0 /opt/gcc-arm-none-eabi-9-2020-q2-update/bin/../lib/gcc/arm-none-eabi/9.3.1/../../../../arm-none-eabi/lib/thumb/v7e-m/nofp/libc.a(lib_a-fclose.o)
 .text          0x00000000080029b4        0x0 /opt/gcc-arm-none-eabi-9-2020-q2-update/bin/../lib/gcc/arm-none-eabi/9.3.1/../../../../arm-none-eabi/lib/thumb/v7e-m/nofp/libc.a(lib_a-fiprintf.o)
 .text          0x00000000080029b4        0x0 /opt/gcc-arm-none-eabi-9-2020-q2-update/bin/../lib/gcc/arm-none-eabi/9.3.1/../../../../arm-none-eabi/lib/thumb/v7e-m/nofp/libc.a(lib_a-fputwc.o)
 .text          0x00000000080029b4        0x0 /opt/gcc-arm-none-eabi-9-2020-q2-update/bin/../lib/gcc/arm-none-eabi/9.3.1/../../../../arm-none-eabi/lib/thumb/v7e-m/nofp/libc.a(lib_a-fstatr.o)
 .text          0x00000000080029b4        0x0 /opt/gcc-arm-none-eabi-9-2020-q2-update/bin/../lib/gcc/arm-none-eabi/9.3.1/../../../../arm-none-eabi/lib/thumb/v7e-m/nofp/libc.a(lib_a-isattyr.o)
 .text          0x00000000080029b4        0x0 /opt/gcc-arm-none-eabi-9-2020-q2-update/bin/../lib/gcc/arm-none-eabi/9.3.1/../../../../arm-none-eabi/lib/thumb/v7e-m/nofp/libc.a(lib_a-locale.o)
 .text          0x00000000080029b4        0x0 /opt/gcc-arm-none-eabi-9-2020-q2-update/bin/../lib/gcc/arm-none-eabi/9.3.1/../../../../arm-none-eabi/lib/thumb/v7e-m/nofp/libc.a(lib_a-lseekr.o)
 .text          0x00000000080029b4        0x0 /opt/gcc-arm-none-eabi-9-2020-q2-update/bin/../lib/gcc/arm-none-eabi/9.3.1/../../../../arm-none-eabi/lib/thumb/v7e-m/nofp/libc.a(lib_a-mbtowc_r.o)
 .text          0x00000000080029b4        0x0 /opt/gcc-arm-none-eabi-9-2020-q2-update/bin/../lib/gcc/arm-none-eabi/9.3.1/../../../../arm-none-eabi/lib/thumb/v7e-m/nofp/libc.a(lib_a-readr.o)
 .text          0x00000000080029b4        0x0 /opt/gcc-arm-none-eabi-9-2020-q2-update/bin/../lib/gcc/arm-none-eabi/9.3.1/../../../../arm-none-eabi/lib/thumb/v7e-m/nofp/libc.a(lib_a-reent.o)
 *fill*         0x00000000080029b4        0xc 
 .text          0x00000000080029c0      0x2dc /opt/gcc-arm-none-eabi-9-2020-q2-update/bin/../lib/gcc/arm-none-eabi/9.3.1/../../../../arm-none-eabi/lib/thumb/v7e-m/nofp/libc.a(lib_a-strcmp.o)
                0x00000000080029c8                strcmp
 .text          0x0000000008002c9c        0x0 /opt/gcc-arm-none-eabi-9-2020-q2-update/bin/../lib/gcc/arm-none-eabi/9.3.1/../../../../arm-none-eabi/lib/thumb/v7e-m/nofp/libc.a(lib_a-wbuf.o)
 .text          0x0000000008002c9c        0x0 /opt/gcc-arm-none-eabi-9-2020-q2-update/bin/../lib/gcc/arm-none-eabi/9.3.1/../../../../arm-none-eabi/lib/thumb/v7e-m/nofp/libc.a(lib_a-wcrtomb.o)
 .text          0x0000000008002c9c        0x0 /opt/gcc-arm-none-eabi-9-2020-q2-update/bin/../lib/gcc/arm-none-eabi/9.3.1/../../../../arm-none-eabi/lib/thumb/v7e-m/nofp/libc.a(lib_a-wctomb_r.o)
 .text          0x0000000008002c9c        0x0 /opt/gcc-arm-none-eabi-9-2020-q2-update/bin/../lib/gcc/arm-none-eabi/9.3.1/../../../../arm-none-eabi/lib/thumb/v7e-m/nofp/libc.a(lib_a-abort.o)
 .text          0x0000000008002c9c        0x0 /opt/gcc-arm-none-eabi-9-2020-q2-update/bin/../lib/gcc/arm-none-eabi/9.3.1/../../../../arm-none-eabi/lib/thumb/v7e-m/nofp/libc.a(lib_a-ctype_.o)
 .text          0x0000000008002c9c        0x0 /opt/gcc-arm-none-eabi-9-2020-q2-update/bin/../lib/gcc/arm-none-eabi/9.3.1/../../../../arm-none-eabi/lib/thumb/v7e-m/nofp/libc.a(lib_a-signal.o)
 .text          0x0000000008002c9c        0x0 /opt/gcc-arm-none-eabi-9-2020-q2-update/bin/../lib/gcc/arm-none-eabi/9.3.1/../../../../arm-none-eabi/lib/thumb/v7e-m/nofp/libc.a(lib_a-signalr.o)
 .text          0x0000000008002c9c      0x424 /opt/gcc-arm-none-eabi-9-2020-q2-update/bin/../lib/gcc/arm-none-eabi/9.3.1/thumb/v7e-m/nofp/libgcc.a(_arm_muldivdf3.o)
                0x0000000008002c9c                __aeabi_dmul
                0x0000000008002c9c                __muldf3
                0x0000000008002ef0                __aeabi_ddiv
                0x0000000008002ef0                __divdf3
 .text          0x00000000080030c0      0x110 /opt/gcc-arm-none-eabi-9-2020-q2-update/bin/../lib/gcc/arm-none-eabi/9.3.1/thumb/v7e-m/nofp/libgcc.a(_arm_cmpdf2.o)
                0x00000000080030c0                __gtdf2
                0x00000000080030c0                __gedf2
                0x00000000080030c8                __ltdf2
                0x00000000080030c8                __ledf2
                0x00000000080030d0                __cmpdf2
                0x00000000080030d0                __eqdf2
                0x00000000080030d0                __nedf2
                0x000000000800314c                __aeabi_cdrcmple
                0x000000000800315c                __aeabi_cdcmple
                0x000000000800315c                __aeabi_cdcmpeq
                0x000000000800316c                __aeabi_dcmpeq
                0x0000000008003180                __aeabi_dcmplt
                0x0000000008003194                __aeabi_dcmple
                0x00000000080031a8                __aeabi_dcmpge
                0x00000000080031bc                __aeabi_dcmpgt
 .text          0x00000000080031d0       0x2c /opt/gcc-arm-none-eabi-9-2020-q2-update/bin/../lib/gcc/arm-none-eabi/9.3.1/thumb/v7e-m/nofp/libgcc.a(_arm_unorddf2.o)
                0x00000000080031d0                __aeabi_dcmpun
                0x00000000080031d0                __unorddf2
 .text          0x00000000080031fc       0x50 /opt/gcc-arm-none-eabi-9-2020-q2-update/bin/../lib/gcc/arm-none-eabi/9.3.1/thumb/v7e-m/nofp/libgcc.a(_arm_fixdfsi.o)
                0x00000000080031fc                __fixdfsi
                0x00000000080031fc                __aeabi_d2iz
 .text          0x000000000800324c       0x30 /opt/gcc-arm-none-eabi-9-2020-q2-update/bin/../lib/gcc/arm-none-eabi/9.3.1/thumb/v7e-m/nofp/libgcc.a(_aeabi_uldivmod.o)
                0x000000000800324c                __aeabi_uldivmod
 .text          0x000000000800327c      0x2c0 /opt/gcc-arm-none-eabi-9-2020-q2-update/bin/../lib/gcc/arm-none-eabi/9.3.1/thumb/v7e-m/nofp/libgcc.a(_udivmoddi4.o)
                0x000000000800327c                __udivmoddi4
 .text          0x000000000800353c        0x4 /opt/gcc-arm-none-eabi-9-2020-q2-update/bin/../lib/gcc/arm-none-eabi/9.3.1/thumb/v7e-m/nofp/libgcc.a(_dvmd_tls.o)
                0x000000000800353c                __aeabi_ldiv0
                0x000000000800353c                __aeabi_idiv0
 .text          0x0000000008003540        0x0 /opt/gcc-arm-none-eabi-9-2020-q2-update/bin/../lib/gcc/arm-none-eabi/9.3.1/../../../../arm-none-eabi/lib/thumb/v7e-m/nofp/librdimon.a(rdimon-syscalls.o)
 .text          0x0000000008003540        0x0 /opt/gcc-arm-none-eabi-9-2020-q2-update/bin/../lib/gcc/arm-none-eabi/9.3.1/../../../../arm-none-eabi/lib/thumb/v7e-m/nofp/librdimon.a(rdimon-_exit.o)
 .text          0x0000000008003540        0x0 /opt/gcc-arm-none-eabi-9-2020-q2-update/bin/../lib/gcc/arm-none-eabi/9.3.1/../../../../arm-none-eabi/lib/thumb/v7e-m/nofp/librdimon.a(rdimon-_kill.o)
 .text          0x0000000008003540        0x0 /opt/gcc-arm-none-eabi-9-2020-q2-update/bin/../lib/gcc/arm-none-eabi/9.3.1/../../../../arm-none-eabi/lib/thumb/v7e-m/nofp/libc.a(lib_a-errno.o)
 .text          0x0000000008003540        0x0 /opt/gcc-arm-none-eabi-9-2020-q2-update/bin/../lib/gcc/arm-none-eabi/9.3.1/thumb/v7e-m/nofp/crtend.o
 .text          0x0000000008003540        0x0 /opt/gcc-arm-none-eabi-9-2020-q2-update/bin/../lib/gcc/arm-none-eabi/9.3.1/thumb/v7e-m/nofp/crtn.o
 *(.text*)
 .text.exit     0x0000000008003540       0x20 /opt/gcc-arm-none-eabi-9-2020-q2-update/bin/../lib/gcc/arm-none-eabi/9.3.1/../../../../arm-none-eabi/lib/thumb/v7e-m/nofp/libc.a(lib_a-exit.o)
                0x0000000008003540                exit
 .text.__libc_init_array
                0x0000000008003560       0x48 /opt/gcc-arm-none-eabi-9-2020-q2-update/bin/../lib/gcc/arm-none-eabi/9.3.1/../../../../arm-none-eabi/lib/thumb/v7e-m/nofp/libc.a(lib_a-init.o)
                0x0000000008003560                __libc_init_array
 .text.memset   0x00000000080035a8       0xa0 /opt/gcc-arm-none-eabi-9-2020-q2-update/bin/../lib/gcc/arm-none-eabi/9.3.1/../../../../arm-none-eabi/lib/thumb/v7e-m/nofp/libc.a(lib_a-memset.o)
                0x00000000080035a8                memset
 .text._printf_r
                0x0000000008003648       0x20 /opt/gcc-arm-none-eabi-9-2020-q2-update/bin/../lib/gcc/arm-none-eabi/9.3.1/../../../../arm-none-eabi/lib/thumb/v7e-m/nofp/libc.a(lib_a-printf.o)
                0x0000000008003648                _printf_r
 .text.printf   0x0000000008003668       0x28 /opt/gcc-arm-none-eabi-9-2020-q2-update/bin/../lib/gcc/arm-none-eabi/9.3.1/../../../../arm-none-eabi/lib/thumb/v7e-m/nofp/libc.a(lib_a-printf.o)
                0x0000000008003668                printf
 .text._puts_r  0x0000000008003690       0x9c /opt/gcc-arm-none-eabi-9-2020-q2-update/bin/../lib/gcc/arm-none-eabi/9.3.1/../../../../arm-none-eabi/lib/thumb/v7e-m/nofp/libc.a(lib_a-puts.o)
                0x0000000008003690                _puts_r
 .text.puts     0x000000000800372c       0x10 /opt/gcc-arm-none-eabi-9-2020-q2-update/bin/../lib/gcc/arm-none-eabi/9.3.1/../../../../arm-none-eabi/lib/thumb/v7e-m/nofp/libc.a(lib_a-puts.o)
                0x000000000800372c                puts
 .text._vfprintf_r
                0x000000000800373c     0x1b84 /opt/gcc-arm-none-eabi-9-2020-q2-update/bin/../lib/gcc/arm-none-eabi/9.3.1/../../../../arm-none-eabi/lib/thumb/v7e-m/nofp/libc.a(lib_a-vfprintf.o)
                0x000000000800373c                _vfprintf_r
 .text.vfprintf
                0x00000000080052c0       0x18 /opt/gcc-arm-none-eabi-9-2020-q2-update/bin/../lib/gcc/arm-none-eabi/9.3.1/../../../../arm-none-eabi/lib/thumb/v7e-m/nofp/libc.a(lib_a-vfprintf.o)
                0x00000000080052c0                vfprintf
 .text.__sbprintf
                0x00000000080052d8       0x84 /opt/gcc-arm-none-eabi-9-2020-q2-update/bin/../lib/gcc/arm-none-eabi/9.3.1/../../../../arm-none-eabi/lib/thumb/v7e-m/nofp/libc.a(lib_a-vfprintf.o)
 .text.__swsetup_r
                0x000000000800535c       0xd0 /opt/gcc-arm-none-eabi-9-2020-q2-update/bin/../lib/gcc/arm-none-eabi/9.3.1/../../../../arm-none-eabi/lib/thumb/v7e-m/nofp/libc.a(lib_a-wsetup.o)
                0x000000000800535c                __swsetup_r
 .text.startup.register_fini
                0x000000000800542c       0x14 /opt/gcc-arm-none-eabi-9-2020-q2-update/bin/../lib/gcc/arm-none-eabi/9.3.1/../../../../arm-none-eabi/lib/thumb/v7e-m/nofp/libc.a(lib_a-__call_atexit.o)
 .text.__call_exitprocs
                0x0000000008005440       0xc4 /opt/gcc-arm-none-eabi-9-2020-q2-update/bin/../lib/gcc/arm-none-eabi/9.3.1/../../../../arm-none-eabi/lib/thumb/v7e-m/nofp/libc.a(lib_a-__call_atexit.o)
                0x0000000008005440                __call_exitprocs
 .text.atexit   0x0000000008005504        0xc /opt/gcc-arm-none-eabi-9-2020-q2-update/bin/../lib/gcc/arm-none-eabi/9.3.1/../../../../arm-none-eabi/lib/thumb/v7e-m/nofp/libc.a(lib_a-atexit.o)
                0x0000000008005504                atexit
 .text.quorem   0x0000000008005510      0x11c /opt/gcc-arm-none-eabi-9-2020-q2-update/bin/../lib/gcc/arm-none-eabi/9.3.1/../../../../arm-none-eabi/lib/thumb/v7e-m/nofp/libc.a(lib_a-dtoa.o)
 *fill*         0x000000000800562c        0x4 
 .text._dtoa_r  0x0000000008005630      0xed4 /opt/gcc-arm-none-eabi-9-2020-q2-update/bin/../lib/gcc/arm-none-eabi/9.3.1/../../../../arm-none-eabi/lib/thumb/v7e-m/nofp/libc.a(lib_a-dtoa.o)
                0x0000000008005630                _dtoa_r
 .text.__sflush_r
                0x0000000008006504      0x130 /opt/gcc-arm-none-eabi-9-2020-q2-update/bin/../lib/gcc/arm-none-eabi/9.3.1/../../../../arm-none-eabi/lib/thumb/v7e-m/nofp/libc.a(lib_a-fflush.o)
                0x0000000008006504                __sflush_r
 .text._fflush_r
                0x0000000008006634       0x5c /opt/gcc-arm-none-eabi-9-2020-q2-update/bin/../lib/gcc/arm-none-eabi/9.3.1/../../../../arm-none-eabi/lib/thumb/v7e-m/nofp/libc.a(lib_a-fflush.o)
                0x0000000008006634                _fflush_r
 .text.fflush   0x0000000008006690       0x24 /opt/gcc-arm-none-eabi-9-2020-q2-update/bin/../lib/gcc/arm-none-eabi/9.3.1/../../../../arm-none-eabi/lib/thumb/v7e-m/nofp/libc.a(lib_a-fflush.o)
                0x0000000008006690                fflush
 .text.std      0x00000000080066b4       0x50 /opt/gcc-arm-none-eabi-9-2020-q2-update/bin/../lib/gcc/arm-none-eabi/9.3.1/../../../../arm-none-eabi/lib/thumb/v7e-m/nofp/libc.a(lib_a-findfp.o)
 .text._cleanup_r
                0x0000000008006704        0xc /opt/gcc-arm-none-eabi-9-2020-q2-update/bin/../lib/gcc/arm-none-eabi/9.3.1/../../../../arm-none-eabi/lib/thumb/v7e-m/nofp/libc.a(lib_a-findfp.o)
                0x0000000008006704                _cleanup_r
 .text.__fp_lock
                0x0000000008006710       0x1c /opt/gcc-arm-none-eabi-9-2020-q2-update/bin/../lib/gcc/arm-none-eabi/9.3.1/../../../../arm-none-eabi/lib/thumb/v7e-m/nofp/libc.a(lib_a-findfp.o)
 .text.__fp_unlock
                0x000000000800672c       0x1c /opt/gcc-arm-none-eabi-9-2020-q2-update/bin/../lib/gcc/arm-none-eabi/9.3.1/../../../../arm-none-eabi/lib/thumb/v7e-m/nofp/libc.a(lib_a-findfp.o)
 .text.__sfmoreglue
                0x0000000008006748       0x30 /opt/gcc-arm-none-eabi-9-2020-q2-update/bin/../lib/gcc/arm-none-eabi/9.3.1/../../../../arm-none-eabi/lib/thumb/v7e-m/nofp/libc.a(lib_a-findfp.o)
                0x0000000008006748                __sfmoreglue
 .text._cleanup
                0x0000000008006778       0x14 /opt/gcc-arm-none-eabi-9-2020-q2-update/bin/../lib/gcc/arm-none-eabi/9.3.1/../../../../arm-none-eabi/lib/thumb/v7e-m/nofp/libc.a(lib_a-findfp.o)
                0x0000000008006778                _cleanup
 .text.__sinit  0x000000000800678c       0x54 /opt/gcc-arm-none-eabi-9-2020-q2-update/bin/../lib/gcc/arm-none-eabi/9.3.1/../../../../arm-none-eabi/lib/thumb/v7e-m/nofp/libc.a(lib_a-findfp.o)
                0x000000000800678c                __sinit
 .text.__sfp    0x00000000080067e0       0xa4 /opt/gcc-arm-none-eabi-9-2020-q2-update/bin/../lib/gcc/arm-none-eabi/9.3.1/../../../../arm-none-eabi/lib/thumb/v7e-m/nofp/libc.a(lib_a-findfp.o)
                0x00000000080067e0                __sfp
 .text.__sfp_lock_acquire
                0x0000000008006884        0xc /opt/gcc-arm-none-eabi-9-2020-q2-update/bin/../lib/gcc/arm-none-eabi/9.3.1/../../../../arm-none-eabi/lib/thumb/v7e-m/nofp/libc.a(lib_a-findfp.o)
                0x0000000008006884                __sfp_lock_acquire
 .text.__sfp_lock_release
                0x0000000008006890        0xc /opt/gcc-arm-none-eabi-9-2020-q2-update/bin/../lib/gcc/arm-none-eabi/9.3.1/../../../../arm-none-eabi/lib/thumb/v7e-m/nofp/libc.a(lib_a-findfp.o)
                0x0000000008006890                __sfp_lock_release
 .text.__sinit_lock_acquire
                0x000000000800689c        0xc /opt/gcc-arm-none-eabi-9-2020-q2-update/bin/../lib/gcc/arm-none-eabi/9.3.1/../../../../arm-none-eabi/lib/thumb/v7e-m/nofp/libc.a(lib_a-findfp.o)
                0x000000000800689c                __sinit_lock_acquire
 .text.__sinit_lock_release
                0x00000000080068a8        0xc /opt/gcc-arm-none-eabi-9-2020-q2-update/bin/../lib/gcc/arm-none-eabi/9.3.1/../../../../arm-none-eabi/lib/thumb/v7e-m/nofp/libc.a(lib_a-findfp.o)
                0x00000000080068a8                __sinit_lock_release
 .text.__fp_lock_all
                0x00000000080068b4       0x24 /opt/gcc-arm-none-eabi-9-2020-q2-update/bin/../lib/gcc/arm-none-eabi/9.3.1/../../../../arm-none-eabi/lib/thumb/v7e-m/nofp/libc.a(lib_a-findfp.o)
                0x00000000080068b4                __fp_lock_all
 .text.__fp_unlock_all
                0x00000000080068d8       0x24 /opt/gcc-arm-none-eabi-9-2020-q2-update/bin/../lib/gcc/arm-none-eabi/9.3.1/../../../../arm-none-eabi/lib/thumb/v7e-m/nofp/libc.a(lib_a-findfp.o)
                0x00000000080068d8                __fp_unlock_all
 .text.__libc_fini_array
                0x00000000080068fc       0x2c /opt/gcc-arm-none-eabi-9-2020-q2-update/bin/../lib/gcc/arm-none-eabi/9.3.1/../../../../arm-none-eabi/lib/thumb/v7e-m/nofp/libc.a(lib_a-fini.o)
                0x00000000080068fc                __libc_fini_array
 .text._malloc_trim_r
                0x0000000008006928       0xa0 /opt/gcc-arm-none-eabi-9-2020-q2-update/bin/../lib/gcc/arm-none-eabi/9.3.1/../../../../arm-none-eabi/lib/thumb/v7e-m/nofp/libc.a(lib_a-freer.o)
                0x0000000008006928                _malloc_trim_r
 .text._free_r  0x00000000080069c8      0x208 /opt/gcc-arm-none-eabi-9-2020-q2-update/bin/../lib/gcc/arm-none-eabi/9.3.1/../../../../arm-none-eabi/lib/thumb/v7e-m/nofp/libc.a(lib_a-freer.o)
                0x00000000080069c8                _free_r
 .text.__sfvwrite_r
                0x0000000008006bd0      0x2e0 /opt/gcc-arm-none-eabi-9-2020-q2-update/bin/../lib/gcc/arm-none-eabi/9.3.1/../../../../arm-none-eabi/lib/thumb/v7e-m/nofp/libc.a(lib_a-fvwrite.o)
                0x0000000008006bd0                __sfvwrite_r
 .text._fwalk   0x0000000008006eb0       0x40 /opt/gcc-arm-none-eabi-9-2020-q2-update/bin/../lib/gcc/arm-none-eabi/9.3.1/../../../../arm-none-eabi/lib/thumb/v7e-m/nofp/libc.a(lib_a-fwalk.o)
                0x0000000008006eb0                _fwalk
 .text._fwalk_reent
                0x0000000008006ef0       0x48 /opt/gcc-arm-none-eabi-9-2020-q2-update/bin/../lib/gcc/arm-none-eabi/9.3.1/../../../../arm-none-eabi/lib/thumb/v7e-m/nofp/libc.a(lib_a-fwalk.o)
                0x0000000008006ef0                _fwalk_reent
 .text.__localeconv_l
                0x0000000008006f38        0x4 /opt/gcc-arm-none-eabi-9-2020-q2-update/bin/../lib/gcc/arm-none-eabi/9.3.1/../../../../arm-none-eabi/lib/thumb/v7e-m/nofp/libc.a(lib_a-localeconv.o)
                0x0000000008006f38                __localeconv_l
 .text._localeconv_r
                0x0000000008006f3c        0x8 /opt/gcc-arm-none-eabi-9-2020-q2-update/bin/../lib/gcc/arm-none-eabi/9.3.1/../../../../arm-none-eabi/lib/thumb/v7e-m/nofp/libc.a(lib_a-localeconv.o)
                0x0000000008006f3c                _localeconv_r
 .text.localeconv
                0x0000000008006f44        0x8 /opt/gcc-arm-none-eabi-9-2020-q2-update/bin/../lib/gcc/arm-none-eabi/9.3.1/../../../../arm-none-eabi/lib/thumb/v7e-m/nofp/libc.a(lib_a-localeconv.o)
                0x0000000008006f44                localeconv
 .text.__retarget_lock_init
                0x0000000008006f4c        0x4 /opt/gcc-arm-none-eabi-9-2020-q2-update/bin/../lib/gcc/arm-none-eabi/9.3.1/../../../../arm-none-eabi/lib/thumb/v7e-m/nofp/libc.a(lib_a-lock.o)
                0x0000000008006f4c                __retarget_lock_init
 .text.__retarget_lock_init_recursive
                0x0000000008006f50        0x4 /opt/gcc-arm-none-eabi-9-2020-q2-update/bin/../lib/gcc/arm-none-eabi/9.3.1/../../../../arm-none-eabi/lib/thumb/v7e-m/nofp/libc.a(lib_a-lock.o)
                0x0000000008006f50                __retarget_lock_init_recursive
 .text.__retarget_lock_close
                0x0000000008006f54        0x4 /opt/gcc-arm-none-eabi-9-2020-q2-update/bin/../lib/gcc/arm-none-eabi/9.3.1/../../../../arm-none-eabi/lib/thumb/v7e-m/nofp/libc.a(lib_a-lock.o)
                0x0000000008006f54                __retarget_lock_close
 .text.__retarget_lock_close_recursive
                0x0000000008006f58        0x4 /opt/gcc-arm-none-eabi-9-2020-q2-update/bin/../lib/gcc/arm-none-eabi/9.3.1/../../../../arm-none-eabi/lib/thumb/v7e-m/nofp/libc.a(lib_a-lock.o)
                0x0000000008006f58                __retarget_lock_close_recursive
 .text.__retarget_lock_acquire
                0x0000000008006f5c        0x4 /opt/gcc-arm-none-eabi-9-2020-q2-update/bin/../lib/gcc/arm-none-eabi/9.3.1/../../../../arm-none-eabi/lib/thumb/v7e-m/nofp/libc.a(lib_a-lock.o)
                0x0000000008006f5c                __retarget_lock_acquire
 .text.__retarget_lock_acquire_recursive
                0x0000000008006f60        0x4 /opt/gcc-arm-none-eabi-9-2020-q2-update/bin/../lib/gcc/arm-none-eabi/9.3.1/../../../../arm-none-eabi/lib/thumb/v7e-m/nofp/libc.a(lib_a-lock.o)
                0x0000000008006f60                __retarget_lock_acquire_recursive
 .text.__retarget_lock_try_acquire
                0x0000000008006f64        0x4 /opt/gcc-arm-none-eabi-9-2020-q2-update/bin/../lib/gcc/arm-none-eabi/9.3.1/../../../../arm-none-eabi/lib/thumb/v7e-m/nofp/libc.a(lib_a-lock.o)
                0x0000000008006f64                __retarget_lock_try_acquire
 .text.__retarget_lock_try_acquire_recursive
                0x0000000008006f68        0x4 /opt/gcc-arm-none-eabi-9-2020-q2-update/bin/../lib/gcc/arm-none-eabi/9.3.1/../../../../arm-none-eabi/lib/thumb/v7e-m/nofp/libc.a(lib_a-lock.o)
                0x0000000008006f68                __retarget_lock_try_acquire_recursive
 .text.__retarget_lock_release
                0x0000000008006f6c        0x4 /opt/gcc-arm-none-eabi-9-2020-q2-update/bin/../lib/gcc/arm-none-eabi/9.3.1/../../../../arm-none-eabi/lib/thumb/v7e-m/nofp/libc.a(lib_a-lock.o)
                0x0000000008006f6c                __retarget_lock_release
 .text.__retarget_lock_release_recursive
                0x0000000008006f70        0x4 /opt/gcc-arm-none-eabi-9-2020-q2-update/bin/../lib/gcc/arm-none-eabi/9.3.1/../../../../arm-none-eabi/lib/thumb/v7e-m/nofp/libc.a(lib_a-lock.o)
                0x0000000008006f70                __retarget_lock_release_recursive
 .text.__swhatbuf_r
                0x0000000008006f74       0x5c /opt/gcc-arm-none-eabi-9-2020-q2-update/bin/../lib/gcc/arm-none-eabi/9.3.1/../../../../arm-none-eabi/lib/thumb/v7e-m/nofp/libc.a(lib_a-makebuf.o)
                0x0000000008006f74                __swhatbuf_r
 .text.__smakebuf_r
                0x0000000008006fd0       0x98 /opt/gcc-arm-none-eabi-9-2020-q2-update/bin/../lib/gcc/arm-none-eabi/9.3.1/../../../../arm-none-eabi/lib/thumb/v7e-m/nofp/libc.a(lib_a-makebuf.o)
                0x0000000008006fd0                __smakebuf_r
 .text._malloc_r
                0x0000000008007068      0x574 /opt/gcc-arm-none-eabi-9-2020-q2-update/bin/../lib/gcc/arm-none-eabi/9.3.1/../../../../arm-none-eabi/lib/thumb/v7e-m/nofp/libc.a(lib_a-mallocr.o)
                0x0000000008007068                _malloc_r
 .text.memmove  0x00000000080075dc       0xd8 /opt/gcc-arm-none-eabi-9-2020-q2-update/bin/../lib/gcc/arm-none-eabi/9.3.1/../../../../arm-none-eabi/lib/thumb/v7e-m/nofp/libc.a(lib_a-memmove.o)
                0x00000000080075dc                memmove
 .text.__malloc_lock
                0x00000000080076b4        0xc /opt/gcc-arm-none-eabi-9-2020-q2-update/bin/../lib/gcc/arm-none-eabi/9.3.1/../../../../arm-none-eabi/lib/thumb/v7e-m/nofp/libc.a(lib_a-mlock.o)
                0x00000000080076b4                __malloc_lock
 .text.__malloc_unlock
                0x00000000080076c0        0xc /opt/gcc-arm-none-eabi-9-2020-q2-update/bin/../lib/gcc/arm-none-eabi/9.3.1/../../../../arm-none-eabi/lib/thumb/v7e-m/nofp/libc.a(lib_a-mlock.o)
                0x00000000080076c0                __malloc_unlock
 .text._Balloc  0x00000000080076cc       0x4c /opt/gcc-arm-none-eabi-9-2020-q2-update/bin/../lib/gcc/arm-none-eabi/9.3.1/../../../../arm-none-eabi/lib/thumb/v7e-m/nofp/libc.a(lib_a-mprec.o)
                0x00000000080076cc                _Balloc
 .text._Bfree   0x0000000008007718       0x14 /opt/gcc-arm-none-eabi-9-2020-q2-update/bin/../lib/gcc/arm-none-eabi/9.3.1/../../../../arm-none-eabi/lib/thumb/v7e-m/nofp/libc.a(lib_a-mprec.o)
                0x0000000008007718                _Bfree
 .text.__multadd
                0x000000000800772c       0xa0 /opt/gcc-arm-none-eabi-9-2020-q2-update/bin/../lib/gcc/arm-none-eabi/9.3.1/../../../../arm-none-eabi/lib/thumb/v7e-m/nofp/libc.a(lib_a-mprec.o)
                0x000000000800772c                __multadd
 .text.__s2b    0x00000000080077cc       0xb4 /opt/gcc-arm-none-eabi-9-2020-q2-update/bin/../lib/gcc/arm-none-eabi/9.3.1/../../../../arm-none-eabi/lib/thumb/v7e-m/nofp/libc.a(lib_a-mprec.o)
                0x00000000080077cc                __s2b
 .text.__hi0bits
                0x0000000008007880       0x40 /opt/gcc-arm-none-eabi-9-2020-q2-update/bin/../lib/gcc/arm-none-eabi/9.3.1/../../../../arm-none-eabi/lib/thumb/v7e-m/nofp/libc.a(lib_a-mprec.o)
                0x0000000008007880                __hi0bits
 .text.__lo0bits
                0x00000000080078c0       0x60 /opt/gcc-arm-none-eabi-9-2020-q2-update/bin/../lib/gcc/arm-none-eabi/9.3.1/../../../../arm-none-eabi/lib/thumb/v7e-m/nofp/libc.a(lib_a-mprec.o)
                0x00000000080078c0                __lo0bits
 .text.__i2b    0x0000000008007920       0x2c /opt/gcc-arm-none-eabi-9-2020-q2-update/bin/../lib/gcc/arm-none-eabi/9.3.1/../../../../arm-none-eabi/lib/thumb/v7e-m/nofp/libc.a(lib_a-mprec.o)
                0x0000000008007920                __i2b
 .text.__multiply
                0x000000000800794c      0x160 /opt/gcc-arm-none-eabi-9-2020-q2-update/bin/../lib/gcc/arm-none-eabi/9.3.1/../../../../arm-none-eabi/lib/thumb/v7e-m/nofp/libc.a(lib_a-mprec.o)
                0x000000000800794c                __multiply
 .text.__pow5mult
                0x0000000008007aac       0x98 /opt/gcc-arm-none-eabi-9-2020-q2-update/bin/../lib/gcc/arm-none-eabi/9.3.1/../../../../arm-none-eabi/lib/thumb/v7e-m/nofp/libc.a(lib_a-mprec.o)
                0x0000000008007aac                __pow5mult
 .text.__lshift
                0x0000000008007b44       0xe8 /opt/gcc-arm-none-eabi-9-2020-q2-update/bin/../lib/gcc/arm-none-eabi/9.3.1/../../../../arm-none-eabi/lib/thumb/v7e-m/nofp/libc.a(lib_a-mprec.o)
                0x0000000008007b44                __lshift
 .text.__mcmp   0x0000000008007c2c       0x3c /opt/gcc-arm-none-eabi-9-2020-q2-update/bin/../lib/gcc/arm-none-eabi/9.3.1/../../../../arm-none-eabi/lib/thumb/v7e-m/nofp/libc.a(lib_a-mprec.o)
                0x0000000008007c2c                __mcmp
 .text.__mdiff  0x0000000008007c68      0x148 /opt/gcc-arm-none-eabi-9-2020-q2-update/bin/../lib/gcc/arm-none-eabi/9.3.1/../../../../arm-none-eabi/lib/thumb/v7e-m/nofp/libc.a(lib_a-mprec.o)
                0x0000000008007c68                __mdiff
 .text.__ulp    0x0000000008007db0       0x44 /opt/gcc-arm-none-eabi-9-2020-q2-update/bin/../lib/gcc/arm-none-eabi/9.3.1/../../../../arm-none-eabi/lib/thumb/v7e-m/nofp/libc.a(lib_a-mprec.o)
                0x0000000008007db0                __ulp
 .text.__b2d    0x0000000008007df4       0xcc /opt/gcc-arm-none-eabi-9-2020-q2-update/bin/../lib/gcc/arm-none-eabi/9.3.1/../../../../arm-none-eabi/lib/thumb/v7e-m/nofp/libc.a(lib_a-mprec.o)
                0x0000000008007df4                __b2d
 .text.__d2b    0x0000000008007ec0       0xc4 /opt/gcc-arm-none-eabi-9-2020-q2-update/bin/../lib/gcc/arm-none-eabi/9.3.1/../../../../arm-none-eabi/lib/thumb/v7e-m/nofp/libc.a(lib_a-mprec.o)
                0x0000000008007ec0                __d2b
 .text.__ratio  0x0000000008007f84       0x60 /opt/gcc-arm-none-eabi-9-2020-q2-update/bin/../lib/gcc/arm-none-eabi/9.3.1/../../../../arm-none-eabi/lib/thumb/v7e-m/nofp/libc.a(lib_a-mprec.o)
                0x0000000008007f84                __ratio
 .text._mprec_log10
                0x0000000008007fe4       0x38 /opt/gcc-arm-none-eabi-9-2020-q2-update/bin/../lib/gcc/arm-none-eabi/9.3.1/../../../../arm-none-eabi/lib/thumb/v7e-m/nofp/libc.a(lib_a-mprec.o)
                0x0000000008007fe4                _mprec_log10
 .text.__copybits
                0x000000000800801c       0x48 /opt/gcc-arm-none-eabi-9-2020-q2-update/bin/../lib/gcc/arm-none-eabi/9.3.1/../../../../arm-none-eabi/lib/thumb/v7e-m/nofp/libc.a(lib_a-mprec.o)
                0x000000000800801c                __copybits
 .text.__any_on
                0x0000000008008064       0x60 /opt/gcc-arm-none-eabi-9-2020-q2-update/bin/../lib/gcc/arm-none-eabi/9.3.1/../../../../arm-none-eabi/lib/thumb/v7e-m/nofp/libc.a(lib_a-mprec.o)
                0x0000000008008064                __any_on
 .text._realloc_r
                0x00000000080080c4      0x3e0 /opt/gcc-arm-none-eabi-9-2020-q2-update/bin/../lib/gcc/arm-none-eabi/9.3.1/../../../../arm-none-eabi/lib/thumb/v7e-m/nofp/libc.a(lib_a-reallocr.o)
                0x00000000080080c4                _realloc_r
 .text.frexp    0x00000000080084a4       0x70 /opt/gcc-arm-none-eabi-9-2020-q2-update/bin/../lib/gcc/arm-none-eabi/9.3.1/../../../../arm-none-eabi/lib/thumb/v7e-m/nofp/libc.a(lib_a-s_frexp.o)
                0x00000000080084a4                frexp
 .text._sbrk_r  0x0000000008008514       0x24 /opt/gcc-arm-none-eabi-9-2020-q2-update/bin/../lib/gcc/arm-none-eabi/9.3.1/../../../../arm-none-eabi/lib/thumb/v7e-m/nofp/libc.a(lib_a-sbrkr.o)
                0x0000000008008514                _sbrk_r
 .text.__sread  0x0000000008008538       0x24 /opt/gcc-arm-none-eabi-9-2020-q2-update/bin/../lib/gcc/arm-none-eabi/9.3.1/../../../../arm-none-eabi/lib/thumb/v7e-m/nofp/libc.a(lib_a-stdio.o)
                0x0000000008008538                __sread
 .text.__seofread
                0x000000000800855c        0x4 /opt/gcc-arm-none-eabi-9-2020-q2-update/bin/../lib/gcc/arm-none-eabi/9.3.1/../../../../arm-none-eabi/lib/thumb/v7e-m/nofp/libc.a(lib_a-stdio.o)
                0x000000000800855c                __seofread
 .text.__swrite
                0x0000000008008560       0x40 /opt/gcc-arm-none-eabi-9-2020-q2-update/bin/../lib/gcc/arm-none-eabi/9.3.1/../../../../arm-none-eabi/lib/thumb/v7e-m/nofp/libc.a(lib_a-stdio.o)
                0x0000000008008560                __swrite
 .text.__sseek  0x00000000080085a0       0x20 /opt/gcc-arm-none-eabi-9-2020-q2-update/bin/../lib/gcc/arm-none-eabi/9.3.1/../../../../arm-none-eabi/lib/thumb/v7e-m/nofp/libc.a(lib_a-stdio.o)
                0x00000000080085a0                __sseek
 .text.__sclose
                0x00000000080085c0        0x8 /opt/gcc-arm-none-eabi-9-2020-q2-update/bin/../lib/gcc/arm-none-eabi/9.3.1/../../../../arm-none-eabi/lib/thumb/v7e-m/nofp/libc.a(lib_a-stdio.o)
                0x00000000080085c0                __sclose
 .text.strncpy  0x00000000080085c8       0x68 /opt/gcc-arm-none-eabi-9-2020-q2-update/bin/../lib/gcc/arm-none-eabi/9.3.1/../../../../arm-none-eabi/lib/thumb/v7e-m/nofp/libc.a(lib_a-strncpy.o)
                0x00000000080085c8                strncpy
 .text.__sprint_r.part.0
                0x0000000008008630       0x78 /opt/gcc-arm-none-eabi-9-2020-q2-update/bin/../lib/gcc/arm-none-eabi/9.3.1/../../../../arm-none-eabi/lib/thumb/v7e-m/nofp/libc.a(lib_a-vfiprintf.o)
 .text.__sprint_r
                0x00000000080086a8       0x14 /opt/gcc-arm-none-eabi-9-2020-q2-update/bin/../lib/gcc/arm-none-eabi/9.3.1/../../../../arm-none-eabi/lib/thumb/v7e-m/nofp/libc.a(lib_a-vfiprintf.o)
                0x00000000080086a8                __sprint_r
 .text._vfiprintf_r
                0x00000000080086bc      0xd38 /opt/gcc-arm-none-eabi-9-2020-q2-update/bin/../lib/gcc/arm-none-eabi/9.3.1/../../../../arm-none-eabi/lib/thumb/v7e-m/nofp/libc.a(lib_a-vfiprintf.o)
                0x00000000080086bc                _vfiprintf_r
 .text.vfiprintf
                0x00000000080093f4       0x18 /opt/gcc-arm-none-eabi-9-2020-q2-update/bin/../lib/gcc/arm-none-eabi/9.3.1/../../../../arm-none-eabi/lib/thumb/v7e-m/nofp/libc.a(lib_a-vfiprintf.o)
                0x00000000080093f4                vfiprintf
 .text.__sbprintf
                0x000000000800940c       0x84 /opt/gcc-arm-none-eabi-9-2020-q2-update/bin/../lib/gcc/arm-none-eabi/9.3.1/../../../../arm-none-eabi/lib/thumb/v7e-m/nofp/libc.a(lib_a-vfiprintf.o)
 .text._write_r
                0x0000000008009490       0x2c /opt/gcc-arm-none-eabi-9-2020-q2-update/bin/../lib/gcc/arm-none-eabi/9.3.1/../../../../arm-none-eabi/lib/thumb/v7e-m/nofp/libc.a(lib_a-writer.o)
                0x0000000008009490                _write_r
 .text.__register_exitproc
                0x00000000080094bc       0x8c /opt/gcc-arm-none-eabi-9-2020-q2-update/bin/../lib/gcc/arm-none-eabi/9.3.1/../../../../arm-none-eabi/lib/thumb/v7e-m/nofp/libc.a(lib_a-__atexit.o)
                0x00000000080094bc                __register_exitproc
 .text.__assert_func
                0x0000000008009548       0x3c /opt/gcc-arm-none-eabi-9-2020-q2-update/bin/../lib/gcc/arm-none-eabi/9.3.1/../../../../arm-none-eabi/lib/thumb/v7e-m/nofp/libc.a(lib_a-assert.o)
                0x0000000008009548                __assert_func
 .text.__assert
                0x0000000008009584        0xc /opt/gcc-arm-none-eabi-9-2020-q2-update/bin/../lib/gcc/arm-none-eabi/9.3.1/../../../../arm-none-eabi/lib/thumb/v7e-m/nofp/libc.a(lib_a-assert.o)
                0x0000000008009584                __assert
 .text._calloc_r
                0x0000000008009590       0x60 /opt/gcc-arm-none-eabi-9-2020-q2-update/bin/../lib/gcc/arm-none-eabi/9.3.1/../../../../arm-none-eabi/lib/thumb/v7e-m/nofp/libc.a(lib_a-callocr.o)
                0x0000000008009590                _calloc_r
 .text._close_r
                0x00000000080095f0       0x24 /opt/gcc-arm-none-eabi-9-2020-q2-update/bin/../lib/gcc/arm-none-eabi/9.3.1/../../../../arm-none-eabi/lib/thumb/v7e-m/nofp/libc.a(lib_a-closer.o)
                0x00000000080095f0                _close_r
 .text._fclose_r
                0x0000000008009614       0xcc /opt/gcc-arm-none-eabi-9-2020-q2-update/bin/../lib/gcc/arm-none-eabi/9.3.1/../../../../arm-none-eabi/lib/thumb/v7e-m/nofp/libc.a(lib_a-fclose.o)
                0x0000000008009614                _fclose_r
 .text.fclose   0x00000000080096e0       0x10 /opt/gcc-arm-none-eabi-9-2020-q2-update/bin/../lib/gcc/arm-none-eabi/9.3.1/../../../../arm-none-eabi/lib/thumb/v7e-m/nofp/libc.a(lib_a-fclose.o)
                0x00000000080096e0                fclose
 .text._fiprintf_r
                0x00000000080096f0       0x1c /opt/gcc-arm-none-eabi-9-2020-q2-update/bin/../lib/gcc/arm-none-eabi/9.3.1/../../../../arm-none-eabi/lib/thumb/v7e-m/nofp/libc.a(lib_a-fiprintf.o)
                0x00000000080096f0                _fiprintf_r
 .text.fiprintf
                0x000000000800970c       0x28 /opt/gcc-arm-none-eabi-9-2020-q2-update/bin/../lib/gcc/arm-none-eabi/9.3.1/../../../../arm-none-eabi/lib/thumb/v7e-m/nofp/libc.a(lib_a-fiprintf.o)
                0x000000000800970c                fiprintf
 .text.__fputwc
                0x0000000008009734       0xa8 /opt/gcc-arm-none-eabi-9-2020-q2-update/bin/../lib/gcc/arm-none-eabi/9.3.1/../../../../arm-none-eabi/lib/thumb/v7e-m/nofp/libc.a(lib_a-fputwc.o)
                0x0000000008009734                __fputwc
 .text._fputwc_r
                0x00000000080097dc       0x68 /opt/gcc-arm-none-eabi-9-2020-q2-update/bin/../lib/gcc/arm-none-eabi/9.3.1/../../../../arm-none-eabi/lib/thumb/v7e-m/nofp/libc.a(lib_a-fputwc.o)
                0x00000000080097dc                _fputwc_r
 .text.fputwc   0x0000000008009844       0x38 /opt/gcc-arm-none-eabi-9-2020-q2-update/bin/../lib/gcc/arm-none-eabi/9.3.1/../../../../arm-none-eabi/lib/thumb/v7e-m/nofp/libc.a(lib_a-fputwc.o)
                0x0000000008009844                fputwc
 .text._fstat_r
                0x000000000800987c       0x2c /opt/gcc-arm-none-eabi-9-2020-q2-update/bin/../lib/gcc/arm-none-eabi/9.3.1/../../../../arm-none-eabi/lib/thumb/v7e-m/nofp/libc.a(lib_a-fstatr.o)
                0x000000000800987c                _fstat_r
 .text._isatty_r
                0x00000000080098a8       0x24 /opt/gcc-arm-none-eabi-9-2020-q2-update/bin/../lib/gcc/arm-none-eabi/9.3.1/../../../../arm-none-eabi/lib/thumb/v7e-m/nofp/libc.a(lib_a-isattyr.o)
                0x00000000080098a8                _isatty_r
 .text._setlocale_r
                0x00000000080098cc       0x40 /opt/gcc-arm-none-eabi-9-2020-q2-update/bin/../lib/gcc/arm-none-eabi/9.3.1/../../../../arm-none-eabi/lib/thumb/v7e-m/nofp/libc.a(lib_a-locale.o)
                0x00000000080098cc                _setlocale_r
 .text.__locale_mb_cur_max
                0x000000000800990c        0xc /opt/gcc-arm-none-eabi-9-2020-q2-update/bin/../lib/gcc/arm-none-eabi/9.3.1/../../../../arm-none-eabi/lib/thumb/v7e-m/nofp/libc.a(lib_a-locale.o)
                0x000000000800990c                __locale_mb_cur_max
 .text.setlocale
                0x0000000008009918       0x10 /opt/gcc-arm-none-eabi-9-2020-q2-update/bin/../lib/gcc/arm-none-eabi/9.3.1/../../../../arm-none-eabi/lib/thumb/v7e-m/nofp/libc.a(lib_a-locale.o)
                0x0000000008009918                setlocale
 .text._lseek_r
                0x0000000008009928       0x2c /opt/gcc-arm-none-eabi-9-2020-q2-update/bin/../lib/gcc/arm-none-eabi/9.3.1/../../../../arm-none-eabi/lib/thumb/v7e-m/nofp/libc.a(lib_a-lseekr.o)
                0x0000000008009928                _lseek_r
 .text._mbtowc_r
                0x0000000008009954       0x14 /opt/gcc-arm-none-eabi-9-2020-q2-update/bin/../lib/gcc/arm-none-eabi/9.3.1/../../../../arm-none-eabi/lib/thumb/v7e-m/nofp/libc.a(lib_a-mbtowc_r.o)
                0x0000000008009954                _mbtowc_r
 .text.__ascii_mbtowc
                0x0000000008009968       0x2c /opt/gcc-arm-none-eabi-9-2020-q2-update/bin/../lib/gcc/arm-none-eabi/9.3.1/../../../../arm-none-eabi/lib/thumb/v7e-m/nofp/libc.a(lib_a-mbtowc_r.o)
                0x0000000008009968                __ascii_mbtowc
 .text._read_r  0x0000000008009994       0x2c /opt/gcc-arm-none-eabi-9-2020-q2-update/bin/../lib/gcc/arm-none-eabi/9.3.1/../../../../arm-none-eabi/lib/thumb/v7e-m/nofp/libc.a(lib_a-readr.o)
                0x0000000008009994                _read_r
 .text.cleanup_glue
                0x00000000080099c0       0x1c /opt/gcc-arm-none-eabi-9-2020-q2-update/bin/../lib/gcc/arm-none-eabi/9.3.1/../../../../arm-none-eabi/lib/thumb/v7e-m/nofp/libc.a(lib_a-reent.o)
                0x00000000080099c0                cleanup_glue
 .text._reclaim_reent
                0x00000000080099dc       0x84 /opt/gcc-arm-none-eabi-9-2020-q2-update/bin/../lib/gcc/arm-none-eabi/9.3.1/../../../../arm-none-eabi/lib/thumb/v7e-m/nofp/libc.a(lib_a-reent.o)
                0x00000000080099dc                _reclaim_reent
 .text.__swbuf_r
                0x0000000008009a60       0xb0 /opt/gcc-arm-none-eabi-9-2020-q2-update/bin/../lib/gcc/arm-none-eabi/9.3.1/../../../../arm-none-eabi/lib/thumb/v7e-m/nofp/libc.a(lib_a-wbuf.o)
                0x0000000008009a60                __swbuf_r
 .text.__swbuf  0x0000000008009b10       0x10 /opt/gcc-arm-none-eabi-9-2020-q2-update/bin/../lib/gcc/arm-none-eabi/9.3.1/../../../../arm-none-eabi/lib/thumb/v7e-m/nofp/libc.a(lib_a-wbuf.o)
                0x0000000008009b10                __swbuf
 .text._wcrtomb_r
                0x0000000008009b20       0x3c /opt/gcc-arm-none-eabi-9-2020-q2-update/bin/../lib/gcc/arm-none-eabi/9.3.1/../../../../arm-none-eabi/lib/thumb/v7e-m/nofp/libc.a(lib_a-wcrtomb.o)
                0x0000000008009b20                _wcrtomb_r
 .text.wcrtomb  0x0000000008009b5c       0x4c /opt/gcc-arm-none-eabi-9-2020-q2-update/bin/../lib/gcc/arm-none-eabi/9.3.1/../../../../arm-none-eabi/lib/thumb/v7e-m/nofp/libc.a(lib_a-wcrtomb.o)
                0x0000000008009b5c                wcrtomb
 .text._wctomb_r
                0x0000000008009ba8       0x14 /opt/gcc-arm-none-eabi-9-2020-q2-update/bin/../lib/gcc/arm-none-eabi/9.3.1/../../../../arm-none-eabi/lib/thumb/v7e-m/nofp/libc.a(lib_a-wctomb_r.o)
                0x0000000008009ba8                _wctomb_r
 .text.__ascii_wctomb
                0x0000000008009bbc       0x1c /opt/gcc-arm-none-eabi-9-2020-q2-update/bin/../lib/gcc/arm-none-eabi/9.3.1/../../../../arm-none-eabi/lib/thumb/v7e-m/nofp/libc.a(lib_a-wctomb_r.o)
                0x0000000008009bbc                __ascii_wctomb
 .text.abort    0x0000000008009bd8       0x10 /opt/gcc-arm-none-eabi-9-2020-q2-update/bin/../lib/gcc/arm-none-eabi/9.3.1/../../../../arm-none-eabi/lib/thumb/v7e-m/nofp/libc.a(lib_a-abort.o)
                0x0000000008009bd8                abort
 .text._init_signal_r.part.0
                0x0000000008009be8       0x2c /opt/gcc-arm-none-eabi-9-2020-q2-update/bin/../lib/gcc/arm-none-eabi/9.3.1/../../../../arm-none-eabi/lib/thumb/v7e-m/nofp/libc.a(lib_a-signal.o)
 .text._init_signal_r
                0x0000000008009c14       0x10 /opt/gcc-arm-none-eabi-9-2020-q2-update/bin/../lib/gcc/arm-none-eabi/9.3.1/../../../../arm-none-eabi/lib/thumb/v7e-m/nofp/libc.a(lib_a-signal.o)
                0x0000000008009c14                _init_signal_r
 .text._signal_r
                0x0000000008009c24       0x38 /opt/gcc-arm-none-eabi-9-2020-q2-update/bin/../lib/gcc/arm-none-eabi/9.3.1/../../../../arm-none-eabi/lib/thumb/v7e-m/nofp/libc.a(lib_a-signal.o)
                0x0000000008009c24                _signal_r
 .text._raise_r
                0x0000000008009c5c       0x58 /opt/gcc-arm-none-eabi-9-2020-q2-update/bin/../lib/gcc/arm-none-eabi/9.3.1/../../../../arm-none-eabi/lib/thumb/v7e-m/nofp/libc.a(lib_a-signal.o)
                0x0000000008009c5c                _raise_r
 .text.__sigtramp_r
                0x0000000008009cb4       0x54 /opt/gcc-arm-none-eabi-9-2020-q2-update/bin/../lib/gcc/arm-none-eabi/9.3.1/../../../../arm-none-eabi/lib/thumb/v7e-m/nofp/libc.a(lib_a-signal.o)
                0x0000000008009cb4                __sigtramp_r
 .text.raise    0x0000000008009d08       0x10 /opt/gcc-arm-none-eabi-9-2020-q2-update/bin/../lib/gcc/arm-none-eabi/9.3.1/../../../../arm-none-eabi/lib/thumb/v7e-m/nofp/libc.a(lib_a-signal.o)
                0x0000000008009d08                raise
 .text.signal   0x0000000008009d18       0x10 /opt/gcc-arm-none-eabi-9-2020-q2-update/bin/../lib/gcc/arm-none-eabi/9.3.1/../../../../arm-none-eabi/lib/thumb/v7e-m/nofp/libc.a(lib_a-signal.o)
                0x0000000008009d18                signal
 .text._init_signal
                0x0000000008009d28       0x18 /opt/gcc-arm-none-eabi-9-2020-q2-update/bin/../lib/gcc/arm-none-eabi/9.3.1/../../../../arm-none-eabi/lib/thumb/v7e-m/nofp/libc.a(lib_a-signal.o)
                0x0000000008009d28                _init_signal
 .text.__sigtramp
                0x0000000008009d40       0x10 /opt/gcc-arm-none-eabi-9-2020-q2-update/bin/../lib/gcc/arm-none-eabi/9.3.1/../../../../arm-none-eabi/lib/thumb/v7e-m/nofp/libc.a(lib_a-signal.o)
                0x0000000008009d40                __sigtramp
 .text._kill_r  0x0000000008009d50       0x2c /opt/gcc-arm-none-eabi-9-2020-q2-update/bin/../lib/gcc/arm-none-eabi/9.3.1/../../../../arm-none-eabi/lib/thumb/v7e-m/nofp/libc.a(lib_a-signalr.o)
                0x0000000008009d50                _kill_r
 .text._getpid_r
                0x0000000008009d7c        0x4 /opt/gcc-arm-none-eabi-9-2020-q2-update/bin/../lib/gcc/arm-none-eabi/9.3.1/../../../../arm-none-eabi/lib/thumb/v7e-m/nofp/libc.a(lib_a-signalr.o)
                0x0000000008009d7c                _getpid_r
 .text.findslot
                0x0000000008009d80       0x38 /opt/gcc-arm-none-eabi-9-2020-q2-update/bin/../lib/gcc/arm-none-eabi/9.3.1/../../../../arm-none-eabi/lib/thumb/v7e-m/nofp/librdimon.a(rdimon-syscalls.o)
 .text.checkerror.part.0
                0x0000000008009db8       0x1c /opt/gcc-arm-none-eabi-9-2020-q2-update/bin/../lib/gcc/arm-none-eabi/9.3.1/../../../../arm-none-eabi/lib/thumb/v7e-m/nofp/librdimon.a(rdimon-syscalls.o)
 .text._swiread
                0x0000000008009dd4       0x28 /opt/gcc-arm-none-eabi-9-2020-q2-update/bin/../lib/gcc/arm-none-eabi/9.3.1/../../../../arm-none-eabi/lib/thumb/v7e-m/nofp/librdimon.a(rdimon-syscalls.o)
                0x0000000008009dd4                _swiread
 .text._read    0x0000000008009dfc       0x50 /opt/gcc-arm-none-eabi-9-2020-q2-update/bin/../lib/gcc/arm-none-eabi/9.3.1/../../../../arm-none-eabi/lib/thumb/v7e-m/nofp/librdimon.a(rdimon-syscalls.o)
                0x0000000008009dfc                _read
 .text._swilseek
                0x0000000008009e4c       0x98 /opt/gcc-arm-none-eabi-9-2020-q2-update/bin/../lib/gcc/arm-none-eabi/9.3.1/../../../../arm-none-eabi/lib/thumb/v7e-m/nofp/librdimon.a(rdimon-syscalls.o)
                0x0000000008009e4c                _swilseek
 .text._lseek   0x0000000008009ee4        0x4 /opt/gcc-arm-none-eabi-9-2020-q2-update/bin/../lib/gcc/arm-none-eabi/9.3.1/../../../../arm-none-eabi/lib/thumb/v7e-m/nofp/librdimon.a(rdimon-syscalls.o)
                0x0000000008009ee4                _lseek
 .text._swiwrite
                0x0000000008009ee8       0x28 /opt/gcc-arm-none-eabi-9-2020-q2-update/bin/../lib/gcc/arm-none-eabi/9.3.1/../../../../arm-none-eabi/lib/thumb/v7e-m/nofp/librdimon.a(rdimon-syscalls.o)
                0x0000000008009ee8                _swiwrite
 .text._write   0x0000000008009f10       0x74 /opt/gcc-arm-none-eabi-9-2020-q2-update/bin/../lib/gcc/arm-none-eabi/9.3.1/../../../../arm-none-eabi/lib/thumb/v7e-m/nofp/librdimon.a(rdimon-syscalls.o)
                0x0000000008009f10                _write
 .text._swiclose
                0x0000000008009f84       0x24 /opt/gcc-arm-none-eabi-9-2020-q2-update/bin/../lib/gcc/arm-none-eabi/9.3.1/../../../../arm-none-eabi/lib/thumb/v7e-m/nofp/librdimon.a(rdimon-syscalls.o)
                0x0000000008009f84                _swiclose
 .text._close   0x0000000008009fa8       0x68 /opt/gcc-arm-none-eabi-9-2020-q2-update/bin/../lib/gcc/arm-none-eabi/9.3.1/../../../../arm-none-eabi/lib/thumb/v7e-m/nofp/librdimon.a(rdimon-syscalls.o)
                0x0000000008009fa8                _close
 .text._getpid  0x000000000800a010        0x4 /opt/gcc-arm-none-eabi-9-2020-q2-update/bin/../lib/gcc/arm-none-eabi/9.3.1/../../../../arm-none-eabi/lib/thumb/v7e-m/nofp/librdimon.a(rdimon-syscalls.o)
                0x000000000800a010                _getpid
 .text._sbrk    0x000000000800a014       0x4c /opt/gcc-arm-none-eabi-9-2020-q2-update/bin/../lib/gcc/arm-none-eabi/9.3.1/../../../../arm-none-eabi/lib/thumb/v7e-m/nofp/librdimon.a(rdimon-syscalls.o)
                0x000000000800a014                _sbrk
 .text._swistat
                0x000000000800a060       0x48 /opt/gcc-arm-none-eabi-9-2020-q2-update/bin/../lib/gcc/arm-none-eabi/9.3.1/../../../../arm-none-eabi/lib/thumb/v7e-m/nofp/librdimon.a(rdimon-syscalls.o)
                0x000000000800a060                _swistat
 .text._fstat   0x000000000800a0a8       0x1c /opt/gcc-arm-none-eabi-9-2020-q2-update/bin/../lib/gcc/arm-none-eabi/9.3.1/../../../../arm-none-eabi/lib/thumb/v7e-m/nofp/librdimon.a(rdimon-syscalls.o)
                0x000000000800a0a8                _fstat
 .text._stat    0x000000000800a0c4       0x3c /opt/gcc-arm-none-eabi-9-2020-q2-update/bin/../lib/gcc/arm-none-eabi/9.3.1/../../../../arm-none-eabi/lib/thumb/v7e-m/nofp/librdimon.a(rdimon-syscalls.o)
                0x000000000800a0c4                _stat
 .text._swiopen
                0x000000000800a100       0xcc /opt/gcc-arm-none-eabi-9-2020-q2-update/bin/../lib/gcc/arm-none-eabi/9.3.1/../../../../arm-none-eabi/lib/thumb/v7e-m/nofp/librdimon.a(rdimon-syscalls.o)
                0x000000000800a100                _swiopen
 .text._open    0x000000000800a1cc       0x14 /opt/gcc-arm-none-eabi-9-2020-q2-update/bin/../lib/gcc/arm-none-eabi/9.3.1/../../../../arm-none-eabi/lib/thumb/v7e-m/nofp/librdimon.a(rdimon-syscalls.o)
                0x000000000800a1cc                _open
 .text._get_semihosting_exts
                0x000000000800a1e0       0xcc /opt/gcc-arm-none-eabi-9-2020-q2-update/bin/../lib/gcc/arm-none-eabi/9.3.1/../../../../arm-none-eabi/lib/thumb/v7e-m/nofp/librdimon.a(rdimon-syscalls.o)
                0x000000000800a1e0                _get_semihosting_exts
 .text.initialise_semihosting_exts
                0x000000000800a2ac       0x38 /opt/gcc-arm-none-eabi-9-2020-q2-update/bin/../lib/gcc/arm-none-eabi/9.3.1/../../../../arm-none-eabi/lib/thumb/v7e-m/nofp/librdimon.a(rdimon-syscalls.o)
 .text._has_ext_exit_extended
                0x000000000800a2e4       0x18 /opt/gcc-arm-none-eabi-9-2020-q2-update/bin/../lib/gcc/arm-none-eabi/9.3.1/../../../../arm-none-eabi/lib/thumb/v7e-m/nofp/librdimon.a(rdimon-syscalls.o)
                0x000000000800a2e4                _has_ext_exit_extended
 .text._has_ext_stdout_stderr
                0x000000000800a2fc       0x18 /opt/gcc-arm-none-eabi-9-2020-q2-update/bin/../lib/gcc/arm-none-eabi/9.3.1/../../../../arm-none-eabi/lib/thumb/v7e-m/nofp/librdimon.a(rdimon-syscalls.o)
                0x000000000800a2fc                _has_ext_stdout_stderr
 .text.initialise_monitor_handles
                0x000000000800a314      0x108 /opt/gcc-arm-none-eabi-9-2020-q2-update/bin/../lib/gcc/arm-none-eabi/9.3.1/../../../../arm-none-eabi/lib/thumb/v7e-m/nofp/librdimon.a(rdimon-syscalls.o)
                0x000000000800a314                initialise_monitor_handles
 .text._link    0x000000000800a41c       0x10 /opt/gcc-arm-none-eabi-9-2020-q2-update/bin/../lib/gcc/arm-none-eabi/9.3.1/../../../../arm-none-eabi/lib/thumb/v7e-m/nofp/librdimon.a(rdimon-syscalls.o)
                0x000000000800a41c                _link
 .text._unlink  0x000000000800a42c       0x3c /opt/gcc-arm-none-eabi-9-2020-q2-update/bin/../lib/gcc/arm-none-eabi/9.3.1/../../../../arm-none-eabi/lib/thumb/v7e-m/nofp/librdimon.a(rdimon-syscalls.o)
                0x000000000800a42c                _unlink
 .text._gettimeofday
                0x000000000800a468       0x2c /opt/gcc-arm-none-eabi-9-2020-q2-update/bin/../lib/gcc/arm-none-eabi/9.3.1/../../../../arm-none-eabi/lib/thumb/v7e-m/nofp/librdimon.a(rdimon-syscalls.o)
                0x000000000800a468                _gettimeofday
 .text._clock   0x000000000800a494       0x14 /opt/gcc-arm-none-eabi-9-2020-q2-update/bin/../lib/gcc/arm-none-eabi/9.3.1/../../../../arm-none-eabi/lib/thumb/v7e-m/nofp/librdimon.a(rdimon-syscalls.o)
                0x000000000800a494                _clock
 .text._times   0x000000000800a4a8       0x20 /opt/gcc-arm-none-eabi-9-2020-q2-update/bin/../lib/gcc/arm-none-eabi/9.3.1/../../../../arm-none-eabi/lib/thumb/v7e-m/nofp/librdimon.a(rdimon-syscalls.o)
                0x000000000800a4a8                _times
 .text._isatty  0x000000000800a4c8       0x40 /opt/gcc-arm-none-eabi-9-2020-q2-update/bin/../lib/gcc/arm-none-eabi/9.3.1/../../../../arm-none-eabi/lib/thumb/v7e-m/nofp/librdimon.a(rdimon-syscalls.o)
                0x000000000800a4c8                _isatty
 .text._system  0x000000000800a508       0x48 /opt/gcc-arm-none-eabi-9-2020-q2-update/bin/../lib/gcc/arm-none-eabi/9.3.1/../../../../arm-none-eabi/lib/thumb/v7e-m/nofp/librdimon.a(rdimon-syscalls.o)
                0x000000000800a508                _system
 .text._rename  0x000000000800a550       0x40 /opt/gcc-arm-none-eabi-9-2020-q2-update/bin/../lib/gcc/arm-none-eabi/9.3.1/../../../../arm-none-eabi/lib/thumb/v7e-m/nofp/librdimon.a(rdimon-syscalls.o)
                0x000000000800a550                _rename
 .text._exit    0x000000000800a590       0x14 /opt/gcc-arm-none-eabi-9-2020-q2-update/bin/../lib/gcc/arm-none-eabi/9.3.1/../../../../arm-none-eabi/lib/thumb/v7e-m/nofp/librdimon.a(rdimon-_exit.o)
                0x000000000800a590                _exit
 .text._kill_shared
                0x000000000800a5a4       0x30 /opt/gcc-arm-none-eabi-9-2020-q2-update/bin/../lib/gcc/arm-none-eabi/9.3.1/../../../../arm-none-eabi/lib/thumb/v7e-m/nofp/librdimon.a(rdimon-_kill.o)
                0x000000000800a5a4                _kill_shared
 .text._kill    0x000000000800a5d4       0x1c /opt/gcc-arm-none-eabi-9-2020-q2-update/bin/../lib/gcc/arm-none-eabi/9.3.1/../../../../arm-none-eabi/lib/thumb/v7e-m/nofp/librdimon.a(rdimon-_kill.o)
                0x000000000800a5d4                _kill
 .text.__errno  0x000000000800a5f0        0xc /opt/gcc-arm-none-eabi-9-2020-q2-update/bin/../lib/gcc/arm-none-eabi/9.3.1/../../../../arm-none-eabi/lib/thumb/v7e-m/nofp/libc.a(lib_a-errno.o)
                0x000000000800a5f0                __errno
 *(.init)
 .init          0x000000000800a5fc        0x4 /opt/gcc-arm-none-eabi-9-2020-q2-update/bin/../lib/gcc/arm-none-eabi/9.3.1/thumb/v7e-m/nofp/crti.o
                0x000000000800a5fc                _init
 .init          0x000000000800a600        0x8 /opt/gcc-arm-none-eabi-9-2020-q2-update/bin/../lib/gcc/arm-none-eabi/9.3.1/thumb/v7e-m/nofp/crtn.o
 *(.fini)
 .fini          0x000000000800a608        0x4 /opt/gcc-arm-none-eabi-9-2020-q2-update/bin/../lib/gcc/arm-none-eabi/9.3.1/thumb/v7e-m/nofp/crti.o
                0x000000000800a608                _fini
 .fini          0x000000000800a60c        0x8 /opt/gcc-arm-none-eabi-9-2020-q2-update/bin/../lib/gcc/arm-none-eabi/9.3.1/thumb/v7e-m/nofp/crtn.o
 *(.rodata)
 .rodata        0x000000000800a614       0x8d main.o
                0x000000000800a614                speedOfSound
 *(.rodata.*)
 *fill*         0x000000000800a6a1        0x3 
 .rodata._global_impure_ptr
                0x000000000800a6a4        0x4 /opt/gcc-arm-none-eabi-9-2020-q2-update/bin/../lib/gcc/arm-none-eabi/9.3.1/../../../../arm-none-eabi/lib/thumb/v7e-m/nofp/libc.a(lib_a-impure.o)
                0x000000000800a6a4                _global_impure_ptr
 .rodata._puts_r.str1.4
                0x000000000800a6a8        0x2 /opt/gcc-arm-none-eabi-9-2020-q2-update/bin/../lib/gcc/arm-none-eabi/9.3.1/../../../../arm-none-eabi/lib/thumb/v7e-m/nofp/libc.a(lib_a-puts.o)
 *fill*         0x000000000800a6aa        0x2 
 .rodata._vfprintf_r.str1.4
                0x000000000800a6ac       0x42 /opt/gcc-arm-none-eabi-9-2020-q2-update/bin/../lib/gcc/arm-none-eabi/9.3.1/../../../../arm-none-eabi/lib/thumb/v7e-m/nofp/libc.a(lib_a-vfprintf.o)
 *fill*         0x000000000800a6ee        0x2 
 .rodata.blanks.7350
                0x000000000800a6f0       0x10 /opt/gcc-arm-none-eabi-9-2020-q2-update/bin/../lib/gcc/arm-none-eabi/9.3.1/../../../../arm-none-eabi/lib/thumb/v7e-m/nofp/libc.a(lib_a-vfprintf.o)
 .rodata.zeroes.7351
                0x000000000800a700       0x10 /opt/gcc-arm-none-eabi-9-2020-q2-update/bin/../lib/gcc/arm-none-eabi/9.3.1/../../../../arm-none-eabi/lib/thumb/v7e-m/nofp/libc.a(lib_a-vfprintf.o)
 .rodata._dtoa_r.str1.4
                0x000000000800a710       0xa0 /opt/gcc-arm-none-eabi-9-2020-q2-update/bin/../lib/gcc/arm-none-eabi/9.3.1/../../../../arm-none-eabi/lib/thumb/v7e-m/nofp/libc.a(lib_a-dtoa.o)
                                         0xa4 (size before relaxing)
 .rodata.__multadd.str1.4
                0x000000000800a7b0       0x7d /opt/gcc-arm-none-eabi-9-2020-q2-update/bin/../lib/gcc/arm-none-eabi/9.3.1/../../../../arm-none-eabi/lib/thumb/v7e-m/nofp/libc.a(lib_a-mprec.o)
                                         0x91 (size before relaxing)
 *fill*         0x000000000800a82d        0x3 
 .rodata.__mprec_bigtens
                0x000000000800a830       0x28 /opt/gcc-arm-none-eabi-9-2020-q2-update/bin/../lib/gcc/arm-none-eabi/9.3.1/../../../../arm-none-eabi/lib/thumb/v7e-m/nofp/libc.a(lib_a-mprec.o)
                0x000000000800a830                __mprec_bigtens
 .rodata.__mprec_tens
                0x000000000800a858       0xc8 /opt/gcc-arm-none-eabi-9-2020-q2-update/bin/../lib/gcc/arm-none-eabi/9.3.1/../../../../arm-none-eabi/lib/thumb/v7e-m/nofp/libc.a(lib_a-mprec.o)
                0x000000000800a858                __mprec_tens
 .rodata.__mprec_tinytens
                0x000000000800a920       0x28 /opt/gcc-arm-none-eabi-9-2020-q2-update/bin/../lib/gcc/arm-none-eabi/9.3.1/../../../../arm-none-eabi/lib/thumb/v7e-m/nofp/libc.a(lib_a-mprec.o)
                0x000000000800a920                __mprec_tinytens
 .rodata.p05.6122
                0x000000000800a948        0xc /opt/gcc-arm-none-eabi-9-2020-q2-update/bin/../lib/gcc/arm-none-eabi/9.3.1/../../../../arm-none-eabi/lib/thumb/v7e-m/nofp/libc.a(lib_a-mprec.o)
 .rodata._vfiprintf_r.str1.4
                0x000000000800a954       0x2f /opt/gcc-arm-none-eabi-9-2020-q2-update/bin/../lib/gcc/arm-none-eabi/9.3.1/../../../../arm-none-eabi/lib/thumb/v7e-m/nofp/libc.a(lib_a-vfiprintf.o)
 .rodata.blanks.7328
                0x000000000800a954       0x10 /opt/gcc-arm-none-eabi-9-2020-q2-update/bin/../lib/gcc/arm-none-eabi/9.3.1/../../../../arm-none-eabi/lib/thumb/v7e-m/nofp/libc.a(lib_a-vfiprintf.o)
 .rodata.zeroes.7329
                0x000000000800a964       0x10 /opt/gcc-arm-none-eabi-9-2020-q2-update/bin/../lib/gcc/arm-none-eabi/9.3.1/../../../../arm-none-eabi/lib/thumb/v7e-m/nofp/libc.a(lib_a-vfiprintf.o)
 .rodata.__assert_func.str1.4
                0x000000000800a974       0x3f /opt/gcc-arm-none-eabi-9-2020-q2-update/bin/../lib/gcc/arm-none-eabi/9.3.1/../../../../arm-none-eabi/lib/thumb/v7e-m/nofp/libc.a(lib_a-assert.o)
                                         0x43 (size before relaxing)
 *fill*         0x000000000800a9b3        0x1 
 .rodata._setlocale_r.str1.4
                0x000000000800a9b4        0xa /opt/gcc-arm-none-eabi-9-2020-q2-update/bin/../lib/gcc/arm-none-eabi/9.3.1/../../../../arm-none-eabi/lib/thumb/v7e-m/nofp/libc.a(lib_a-locale.o)
                                          0xd (size before relaxing)
 *fill*         0x000000000800a9be        0x2 
 .rodata.str1.4
                0x000000000800a9c0        0x2 /opt/gcc-arm-none-eabi-9-2020-q2-update/bin/../lib/gcc/arm-none-eabi/9.3.1/../../../../arm-none-eabi/lib/thumb/v7e-m/nofp/libc.a(lib_a-locale.o)
 *fill*         0x000000000800a9c2        0x2 
 .rodata._ctype_
                0x000000000800a9c4      0x101 /opt/gcc-arm-none-eabi-9-2020-q2-update/bin/../lib/gcc/arm-none-eabi/9.3.1/../../../../arm-none-eabi/lib/thumb/v7e-m/nofp/libc.a(lib_a-ctype_.o)
                0x000000000800a9c4                _ctype_
 *fill*         0x000000000800aac5        0x3 
 .rodata._get_semihosting_exts.str1.4
                0x000000000800aac8       0x16 /opt/gcc-arm-none-eabi-9-2020-q2-update/bin/../lib/gcc/arm-none-eabi/9.3.1/../../../../arm-none-eabi/lib/thumb/v7e-m/nofp/librdimon.a(rdimon-syscalls.o)
 *fill*         0x000000000800aade        0x2 
 .rodata.initialise_monitor_handles.str1.4
                0x000000000800aae0        0x4 /opt/gcc-arm-none-eabi-9-2020-q2-update/bin/../lib/gcc/arm-none-eabi/9.3.1/../../../../arm-none-eabi/lib/thumb/v7e-m/nofp/librdimon.a(rdimon-syscalls.o)
                0x000000000800aae4                . = ALIGN (0x4)
                0x000000000800aae4                _etext = .
                0x000000000800aaf0                _lo_data = LOADADDR (.data)

.glue_7         0x000000000800aae4        0x0
 .glue_7        0x000000000800aae4        0x0 linker stubs

.glue_7t        0x000000000800aae4        0x0
 .glue_7t       0x000000000800aae4        0x0 linker stubs

.vfp11_veneer   0x000000000800aae4        0x0
 .vfp11_veneer  0x000000000800aae4        0x0 linker stubs

.v4_bx          0x000000000800aae4        0x0
 .v4_bx         0x000000000800aae4        0x0 linker stubs

.iplt           0x000000000800aae4        0x0
 .iplt          0x000000000800aae4        0x0 /opt/gcc-arm-none-eabi-9-2020-q2-update/bin/../lib/gcc/arm-none-eabi/9.3.1/thumb/v7e-m/nofp/crtbegin.o

.eh_frame       0x000000000800aae4        0x4
 .eh_frame      0x000000000800aae4        0x0 /opt/gcc-arm-none-eabi-9-2020-q2-update/bin/../lib/gcc/arm-none-eabi/9.3.1/thumb/v7e-m/nofp/crtbegin.o
 .eh_frame      0x000000000800aae4        0x4 /opt/gcc-arm-none-eabi-9-2020-q2-update/bin/../lib/gcc/arm-none-eabi/9.3.1/thumb/v7e-m/nofp/crtend.o

.ARM.extab      0x000000000800aae8        0x0
 .ARM.extab     0x000000000800aae8        0x0 /opt/gcc-arm-none-eabi-9-2020-q2-update/bin/../lib/gcc/arm-none-eabi/9.3.1/../../../../arm-none-eabi/lib/thumb/v7e-m/nofp/rdimon-crt0.o
 .ARM.extab     0x000000000800aae8        0x0 /opt/gcc-arm-none-eabi-9-2020-q2-update/bin/../lib/gcc/arm-none-eabi/9.3.1/thumb/v7e-m/nofp/libgcc.a(_udivmoddi4.o)

.ARM.exidx      0x000000000800aae8        0x8
 .ARM.exidx     0x000000000800aae8        0x8 /opt/gcc-arm-none-eabi-9-2020-q2-update/bin/../lib/gcc/arm-none-eabi/9.3.1/../../../../arm-none-eabi/lib/thumb/v7e-m/nofp/rdimon-crt0.o
                                         0x10 (size before relaxing)
 .ARM.exidx     0x000000000800aaf0        0x0 /opt/gcc-arm-none-eabi-9-2020-q2-update/bin/../lib/gcc/arm-none-eabi/9.3.1/thumb/v7e-m/nofp/libgcc.a(_udivmoddi4.o)
                                          0x8 (size before relaxing)

.rel.dyn        0x000000000800aaf0        0x0
 .rel.iplt      0x000000000800aaf0        0x0 /opt/gcc-arm-none-eabi-9-2020-q2-update/bin/../lib/gcc/arm-none-eabi/9.3.1/thumb/v7e-m/nofp/crtbegin.o

.data           0x0000000020000000      0xadc load address 0x000000000800aaf0
                0x0000000020000000                _sdata = .
 *(.data)
 .data          0x0000000020000000        0x0 /opt/gcc-arm-none-eabi-9-2020-q2-update/bin/../lib/gcc/arm-none-eabi/9.3.1/thumb/v7e-m/nofp/crti.o
 .data          0x0000000020000000        0x4 /opt/gcc-arm-none-eabi-9-2020-q2-update/bin/../lib/gcc/arm-none-eabi/9.3.1/thumb/v7e-m/nofp/crtbegin.o
                0x0000000020000000                __dso_handle
 .data          0x0000000020000004      0x118 /opt/gcc-arm-none-eabi-9-2020-q2-update/bin/../lib/gcc/arm-none-eabi/9.3.1/../../../../arm-none-eabi/lib/thumb/v7e-m/nofp/rdimon-crt0.o
                0x000000002000000c                __stack_base__
 .data          0x000000002000011c        0x0 gpio_driver.o
 .data          0x000000002000011c        0x0 stm32f4_startup.o
 .data          0x000000002000011c        0x0 main.o
 .data          0x000000002000011c        0x0 HC_SR04.o
 .data          0x000000002000011c        0x0 timer_driver.o
 .data          0x000000002000011c        0x0 /opt/gcc-arm-none-eabi-9-2020-q2-update/bin/../lib/gcc/arm-none-eabi/9.3.1/thumb/v7e-m/nofp/libgcc.a(_arm_muldf3.o)
 .data          0x000000002000011c        0x0 /opt/gcc-arm-none-eabi-9-2020-q2-update/bin/../lib/gcc/arm-none-eabi/9.3.1/thumb/v7e-m/nofp/libgcc.a(_arm_mulsf3.o)
 .data          0x000000002000011c        0x0 /opt/gcc-arm-none-eabi-9-2020-q2-update/bin/../lib/gcc/arm-none-eabi/9.3.1/thumb/v7e-m/nofp/libgcc.a(_arm_addsubdf3.o)
 .data          0x000000002000011c        0x0 /opt/gcc-arm-none-eabi-9-2020-q2-update/bin/../lib/gcc/arm-none-eabi/9.3.1/thumb/v7e-m/nofp/libgcc.a(_arm_truncdfsf2.o)
 .data          0x000000002000011c        0x0 /opt/gcc-arm-none-eabi-9-2020-q2-update/bin/../lib/gcc/arm-none-eabi/9.3.1/thumb/v7e-m/nofp/libgcc.a(_arm_addsubsf3.o)
 .data          0x000000002000011c        0x0 /opt/gcc-arm-none-eabi-9-2020-q2-update/bin/../lib/gcc/arm-none-eabi/9.3.1/thumb/v7e-m/nofp/libgcc.a(_arm_muldivsf3.o)
 .data          0x000000002000011c        0x0 /opt/gcc-arm-none-eabi-9-2020-q2-update/bin/../lib/gcc/arm-none-eabi/9.3.1/../../../../arm-none-eabi/lib/thumb/v7e-m/nofp/libc.a(lib_a-exit.o)
 .data          0x000000002000011c        0x0 /opt/gcc-arm-none-eabi-9-2020-q2-update/bin/../lib/gcc/arm-none-eabi/9.3.1/../../../../arm-none-eabi/lib/thumb/v7e-m/nofp/libc.a(lib_a-impure.o)
 .data          0x000000002000011c        0x0 /opt/gcc-arm-none-eabi-9-2020-q2-update/bin/../lib/gcc/arm-none-eabi/9.3.1/../../../../arm-none-eabi/lib/thumb/v7e-m/nofp/libc.a(lib_a-init.o)
 .data          0x000000002000011c        0x0 /opt/gcc-arm-none-eabi-9-2020-q2-update/bin/../lib/gcc/arm-none-eabi/9.3.1/../../../../arm-none-eabi/lib/thumb/v7e-m/nofp/libc.a(lib_a-memset.o)
 .data          0x000000002000011c        0x0 /opt/gcc-arm-none-eabi-9-2020-q2-update/bin/../lib/gcc/arm-none-eabi/9.3.1/../../../../arm-none-eabi/lib/thumb/v7e-m/nofp/libc.a(lib_a-printf.o)
 .data          0x000000002000011c        0x0 /opt/gcc-arm-none-eabi-9-2020-q2-update/bin/../lib/gcc/arm-none-eabi/9.3.1/../../../../arm-none-eabi/lib/thumb/v7e-m/nofp/libc.a(lib_a-puts.o)
 .data          0x000000002000011c        0x0 /opt/gcc-arm-none-eabi-9-2020-q2-update/bin/../lib/gcc/arm-none-eabi/9.3.1/../../../../arm-none-eabi/lib/thumb/v7e-m/nofp/libc.a(lib_a-strlen.o)
 .data          0x000000002000011c        0x0 /opt/gcc-arm-none-eabi-9-2020-q2-update/bin/../lib/gcc/arm-none-eabi/9.3.1/../../../../arm-none-eabi/lib/thumb/v7e-m/nofp/libc.a(lib_a-vfprintf.o)
 .data          0x000000002000011c        0x0 /opt/gcc-arm-none-eabi-9-2020-q2-update/bin/../lib/gcc/arm-none-eabi/9.3.1/../../../../arm-none-eabi/lib/thumb/v7e-m/nofp/libc.a(lib_a-wsetup.o)
 .data          0x000000002000011c        0x0 /opt/gcc-arm-none-eabi-9-2020-q2-update/bin/../lib/gcc/arm-none-eabi/9.3.1/../../../../arm-none-eabi/lib/thumb/v7e-m/nofp/libc.a(lib_a-__call_atexit.o)
 .data          0x000000002000011c        0x0 /opt/gcc-arm-none-eabi-9-2020-q2-update/bin/../lib/gcc/arm-none-eabi/9.3.1/../../../../arm-none-eabi/lib/thumb/v7e-m/nofp/libc.a(lib_a-atexit.o)
 .data          0x000000002000011c        0x0 /opt/gcc-arm-none-eabi-9-2020-q2-update/bin/../lib/gcc/arm-none-eabi/9.3.1/../../../../arm-none-eabi/lib/thumb/v7e-m/nofp/libc.a(lib_a-dtoa.o)
 .data          0x000000002000011c        0x0 /opt/gcc-arm-none-eabi-9-2020-q2-update/bin/../lib/gcc/arm-none-eabi/9.3.1/../../../../arm-none-eabi/lib/thumb/v7e-m/nofp/libc.a(lib_a-fflush.o)
 .data          0x000000002000011c        0x0 /opt/gcc-arm-none-eabi-9-2020-q2-update/bin/../lib/gcc/arm-none-eabi/9.3.1/../../../../arm-none-eabi/lib/thumb/v7e-m/nofp/libc.a(lib_a-findfp.o)
 .data          0x000000002000011c        0x0 /opt/gcc-arm-none-eabi-9-2020-q2-update/bin/../lib/gcc/arm-none-eabi/9.3.1/../../../../arm-none-eabi/lib/thumb/v7e-m/nofp/libc.a(lib_a-fini.o)
 .data          0x000000002000011c        0x0 /opt/gcc-arm-none-eabi-9-2020-q2-update/bin/../lib/gcc/arm-none-eabi/9.3.1/../../../../arm-none-eabi/lib/thumb/v7e-m/nofp/libc.a(lib_a-freer.o)
 .data          0x000000002000011c        0x0 /opt/gcc-arm-none-eabi-9-2020-q2-update/bin/../lib/gcc/arm-none-eabi/9.3.1/../../../../arm-none-eabi/lib/thumb/v7e-m/nofp/libc.a(lib_a-fvwrite.o)
 .data          0x000000002000011c        0x0 /opt/gcc-arm-none-eabi-9-2020-q2-update/bin/../lib/gcc/arm-none-eabi/9.3.1/../../../../arm-none-eabi/lib/thumb/v7e-m/nofp/libc.a(lib_a-fwalk.o)
 .data          0x000000002000011c        0x0 /opt/gcc-arm-none-eabi-9-2020-q2-update/bin/../lib/gcc/arm-none-eabi/9.3.1/../../../../arm-none-eabi/lib/thumb/v7e-m/nofp/libc.a(lib_a-localeconv.o)
 .data          0x000000002000011c        0x0 /opt/gcc-arm-none-eabi-9-2020-q2-update/bin/../lib/gcc/arm-none-eabi/9.3.1/../../../../arm-none-eabi/lib/thumb/v7e-m/nofp/libc.a(lib_a-lock.o)
 .data          0x000000002000011c        0x0 /opt/gcc-arm-none-eabi-9-2020-q2-update/bin/../lib/gcc/arm-none-eabi/9.3.1/../../../../arm-none-eabi/lib/thumb/v7e-m/nofp/libc.a(lib_a-makebuf.o)
 .data          0x000000002000011c        0x0 /opt/gcc-arm-none-eabi-9-2020-q2-update/bin/../lib/gcc/arm-none-eabi/9.3.1/../../../../arm-none-eabi/lib/thumb/v7e-m/nofp/libc.a(lib_a-mallocr.o)
 .data          0x000000002000011c        0x0 /opt/gcc-arm-none-eabi-9-2020-q2-update/bin/../lib/gcc/arm-none-eabi/9.3.1/../../../../arm-none-eabi/lib/thumb/v7e-m/nofp/libc.a(lib_a-memchr.o)
 .data          0x000000002000011c        0x0 /opt/gcc-arm-none-eabi-9-2020-q2-update/bin/../lib/gcc/arm-none-eabi/9.3.1/../../../../arm-none-eabi/lib/thumb/v7e-m/nofp/libc.a(lib_a-memcpy.o)
 .data          0x000000002000011c        0x0 /opt/gcc-arm-none-eabi-9-2020-q2-update/bin/../lib/gcc/arm-none-eabi/9.3.1/../../../../arm-none-eabi/lib/thumb/v7e-m/nofp/libc.a(lib_a-memmove.o)
 .data          0x000000002000011c        0x0 /opt/gcc-arm-none-eabi-9-2020-q2-update/bin/../lib/gcc/arm-none-eabi/9.3.1/../../../../arm-none-eabi/lib/thumb/v7e-m/nofp/libc.a(lib_a-mlock.o)
 .data          0x000000002000011c        0x0 /opt/gcc-arm-none-eabi-9-2020-q2-update/bin/../lib/gcc/arm-none-eabi/9.3.1/../../../../arm-none-eabi/lib/thumb/v7e-m/nofp/libc.a(lib_a-mprec.o)
 .data          0x000000002000011c        0x0 /opt/gcc-arm-none-eabi-9-2020-q2-update/bin/../lib/gcc/arm-none-eabi/9.3.1/../../../../arm-none-eabi/lib/thumb/v7e-m/nofp/libc.a(lib_a-reallocr.o)
 .data          0x000000002000011c        0x0 /opt/gcc-arm-none-eabi-9-2020-q2-update/bin/../lib/gcc/arm-none-eabi/9.3.1/../../../../arm-none-eabi/lib/thumb/v7e-m/nofp/libc.a(lib_a-s_frexp.o)
 .data          0x000000002000011c        0x0 /opt/gcc-arm-none-eabi-9-2020-q2-update/bin/../lib/gcc/arm-none-eabi/9.3.1/../../../../arm-none-eabi/lib/thumb/v7e-m/nofp/libc.a(lib_a-sbrkr.o)
 .data          0x000000002000011c        0x0 /opt/gcc-arm-none-eabi-9-2020-q2-update/bin/../lib/gcc/arm-none-eabi/9.3.1/../../../../arm-none-eabi/lib/thumb/v7e-m/nofp/libc.a(lib_a-stdio.o)
 .data          0x000000002000011c        0x0 /opt/gcc-arm-none-eabi-9-2020-q2-update/bin/../lib/gcc/arm-none-eabi/9.3.1/../../../../arm-none-eabi/lib/thumb/v7e-m/nofp/libc.a(lib_a-strncpy.o)
 .data          0x000000002000011c        0x0 /opt/gcc-arm-none-eabi-9-2020-q2-update/bin/../lib/gcc/arm-none-eabi/9.3.1/../../../../arm-none-eabi/lib/thumb/v7e-m/nofp/libc.a(lib_a-vfiprintf.o)
 .data          0x000000002000011c        0x0 /opt/gcc-arm-none-eabi-9-2020-q2-update/bin/../lib/gcc/arm-none-eabi/9.3.1/../../../../arm-none-eabi/lib/thumb/v7e-m/nofp/libc.a(lib_a-writer.o)
 .data          0x000000002000011c        0x0 /opt/gcc-arm-none-eabi-9-2020-q2-update/bin/../lib/gcc/arm-none-eabi/9.3.1/../../../../arm-none-eabi/lib/thumb/v7e-m/nofp/libc.a(lib_a-__atexit.o)
 .data          0x000000002000011c        0x0 /opt/gcc-arm-none-eabi-9-2020-q2-update/bin/../lib/gcc/arm-none-eabi/9.3.1/../../../../arm-none-eabi/lib/thumb/v7e-m/nofp/libc.a(lib_a-assert.o)
 .data          0x000000002000011c        0x0 /opt/gcc-arm-none-eabi-9-2020-q2-update/bin/../lib/gcc/arm-none-eabi/9.3.1/../../../../arm-none-eabi/lib/thumb/v7e-m/nofp/libc.a(lib_a-callocr.o)
 .data          0x000000002000011c        0x0 /opt/gcc-arm-none-eabi-9-2020-q2-update/bin/../lib/gcc/arm-none-eabi/9.3.1/../../../../arm-none-eabi/lib/thumb/v7e-m/nofp/libc.a(lib_a-closer.o)
 .data          0x000000002000011c        0x0 /opt/gcc-arm-none-eabi-9-2020-q2-update/bin/../lib/gcc/arm-none-eabi/9.3.1/../../../../arm-none-eabi/lib/thumb/v7e-m/nofp/libc.a(lib_a-fclose.o)
 .data          0x000000002000011c        0x0 /opt/gcc-arm-none-eabi-9-2020-q2-update/bin/../lib/gcc/arm-none-eabi/9.3.1/../../../../arm-none-eabi/lib/thumb/v7e-m/nofp/libc.a(lib_a-fiprintf.o)
 .data          0x000000002000011c        0x0 /opt/gcc-arm-none-eabi-9-2020-q2-update/bin/../lib/gcc/arm-none-eabi/9.3.1/../../../../arm-none-eabi/lib/thumb/v7e-m/nofp/libc.a(lib_a-fputwc.o)
 .data          0x000000002000011c        0x0 /opt/gcc-arm-none-eabi-9-2020-q2-update/bin/../lib/gcc/arm-none-eabi/9.3.1/../../../../arm-none-eabi/lib/thumb/v7e-m/nofp/libc.a(lib_a-fstatr.o)
 .data          0x000000002000011c        0x0 /opt/gcc-arm-none-eabi-9-2020-q2-update/bin/../lib/gcc/arm-none-eabi/9.3.1/../../../../arm-none-eabi/lib/thumb/v7e-m/nofp/libc.a(lib_a-isattyr.o)
 .data          0x000000002000011c        0x0 /opt/gcc-arm-none-eabi-9-2020-q2-update/bin/../lib/gcc/arm-none-eabi/9.3.1/../../../../arm-none-eabi/lib/thumb/v7e-m/nofp/libc.a(lib_a-locale.o)
 .data          0x000000002000011c        0x0 /opt/gcc-arm-none-eabi-9-2020-q2-update/bin/../lib/gcc/arm-none-eabi/9.3.1/../../../../arm-none-eabi/lib/thumb/v7e-m/nofp/libc.a(lib_a-lseekr.o)
 .data          0x000000002000011c        0x0 /opt/gcc-arm-none-eabi-9-2020-q2-update/bin/../lib/gcc/arm-none-eabi/9.3.1/../../../../arm-none-eabi/lib/thumb/v7e-m/nofp/libc.a(lib_a-mbtowc_r.o)
 .data          0x000000002000011c        0x0 /opt/gcc-arm-none-eabi-9-2020-q2-update/bin/../lib/gcc/arm-none-eabi/9.3.1/../../../../arm-none-eabi/lib/thumb/v7e-m/nofp/libc.a(lib_a-readr.o)
 .data          0x000000002000011c        0x0 /opt/gcc-arm-none-eabi-9-2020-q2-update/bin/../lib/gcc/arm-none-eabi/9.3.1/../../../../arm-none-eabi/lib/thumb/v7e-m/nofp/libc.a(lib_a-reent.o)
 .data          0x000000002000011c        0x0 /opt/gcc-arm-none-eabi-9-2020-q2-update/bin/../lib/gcc/arm-none-eabi/9.3.1/../../../../arm-none-eabi/lib/thumb/v7e-m/nofp/libc.a(lib_a-strcmp.o)
 .data          0x000000002000011c        0x0 /opt/gcc-arm-none-eabi-9-2020-q2-update/bin/../lib/gcc/arm-none-eabi/9.3.1/../../../../arm-none-eabi/lib/thumb/v7e-m/nofp/libc.a(lib_a-wbuf.o)
 .data          0x000000002000011c        0x0 /opt/gcc-arm-none-eabi-9-2020-q2-update/bin/../lib/gcc/arm-none-eabi/9.3.1/../../../../arm-none-eabi/lib/thumb/v7e-m/nofp/libc.a(lib_a-wcrtomb.o)
 .data          0x000000002000011c        0x0 /opt/gcc-arm-none-eabi-9-2020-q2-update/bin/../lib/gcc/arm-none-eabi/9.3.1/../../../../arm-none-eabi/lib/thumb/v7e-m/nofp/libc.a(lib_a-wctomb_r.o)
 .data          0x000000002000011c        0x0 /opt/gcc-arm-none-eabi-9-2020-q2-update/bin/../lib/gcc/arm-none-eabi/9.3.1/../../../../arm-none-eabi/lib/thumb/v7e-m/nofp/libc.a(lib_a-abort.o)